Archive member included to satisfy reference by file (symbol)

d:/environment/ide/quartus_18.1.0.625/nios2eds/bin/gnu/h-x86_64-mingw32/bin/../lib/gcc/nios2-elf/5.3.0/mno-hw-mul\libgcc.a(lib2-divmod.o)
                              obj/default/gamelogic.o (__divsi3)
d:/environment/ide/quartus_18.1.0.625/nios2eds/bin/gnu/h-x86_64-mingw32/bin/../lib/gcc/nios2-elf/5.3.0/mno-hw-mul\libgcc.a(lib2-mul.o)
                              obj/default/gamelogic.o (__mulsi3)
d:/environment/ide/quartus_18.1.0.625/nios2eds/bin/gnu/h-x86_64-mingw32/bin/../lib/gcc/nios2-elf/5.3.0/../../../../../H-x86_64-mingw32/nios2-elf/lib/mno-hw-mul\libsmallc.a(lib_a-abort.o)
                              obj/default/lwip/apps/http/http_client.o (abort)
d:/environment/ide/quartus_18.1.0.625/nios2eds/bin/gnu/h-x86_64-mingw32/bin/../lib/gcc/nios2-elf/5.3.0/../../../../../H-x86_64-mingw32/nios2-elf/lib/mno-hw-mul\libsmallc.a(lib_a-atoi.o)
                              obj/default/lwip/apps/http/http_client.o (atoi)
d:/environment/ide/quartus_18.1.0.625/nios2eds/bin/gnu/h-x86_64-mingw32/bin/../lib/gcc/nios2-elf/5.3.0/../../../../../H-x86_64-mingw32/nios2-elf/lib/mno-hw-mul\libsmallc.a(lib_a-clock.o)
                              obj/default/httpc.o (clock)
d:/environment/ide/quartus_18.1.0.625/nios2eds/bin/gnu/h-x86_64-mingw32/bin/../lib/gcc/nios2-elf/5.3.0/../../../../../H-x86_64-mingw32/nios2-elf/lib/mno-hw-mul\libsmallc.a(lib_a-ctype_.o)
                              obj/default/lwip/core/dns.o (__ctype_ptr__)
d:/environment/ide/quartus_18.1.0.625/nios2eds/bin/gnu/h-x86_64-mingw32/bin/../lib/gcc/nios2-elf/5.3.0/../../../../../H-x86_64-mingw32/nios2-elf/lib/mno-hw-mul\libsmallc.a(lib_a-impure.o)
                              d:/environment/ide/quartus_18.1.0.625/nios2eds/bin/gnu/h-x86_64-mingw32/bin/../lib/gcc/nios2-elf/5.3.0/../../../../../H-x86_64-mingw32/nios2-elf/lib/mno-hw-mul\libsmallc.a(lib_a-clock.o) (_impure_ptr)
d:/environment/ide/quartus_18.1.0.625/nios2eds/bin/gnu/h-x86_64-mingw32/bin/../lib/gcc/nios2-elf/5.3.0/../../../../../H-x86_64-mingw32/nios2-elf/lib/mno-hw-mul\libsmallc.a(lib_a-memcmp.o)
                              obj/default/lwip/netif/ethernet.o (memcmp)
d:/environment/ide/quartus_18.1.0.625/nios2eds/bin/gnu/h-x86_64-mingw32/bin/../lib/gcc/nios2-elf/5.3.0/../../../../../H-x86_64-mingw32/nios2-elf/lib/mno-hw-mul\libsmallc.a(lib_a-memcpy.o)
                              obj/default/httpc.o (memcpy)
d:/environment/ide/quartus_18.1.0.625/nios2eds/bin/gnu/h-x86_64-mingw32/bin/../lib/gcc/nios2-elf/5.3.0/../../../../../H-x86_64-mingw32/nios2-elf/lib/mno-hw-mul\libsmallc.a(lib_a-memmove.o)
                              obj/default/lwip/core/def.o (memmove)
d:/environment/ide/quartus_18.1.0.625/nios2eds/bin/gnu/h-x86_64-mingw32/bin/../lib/gcc/nios2-elf/5.3.0/../../../../../H-x86_64-mingw32/nios2-elf/lib/mno-hw-mul\libsmallc.a(lib_a-memset.o)
                              obj/default/lwip/apps/http/http_client.o (memset)
d:/environment/ide/quartus_18.1.0.625/nios2eds/bin/gnu/h-x86_64-mingw32/bin/../lib/gcc/nios2-elf/5.3.0/../../../../../H-x86_64-mingw32/nios2-elf/lib/mno-hw-mul\libsmallc.a(lib_a-printf.o)
                              obj/default/gamelogic.o (printf)
d:/environment/ide/quartus_18.1.0.625/nios2eds/bin/gnu/h-x86_64-mingw32/bin/../lib/gcc/nios2-elf/5.3.0/../../../../../H-x86_64-mingw32/nios2-elf/lib/mno-hw-mul\libsmallc.a(lib_a-puts.o)
                              obj/default/main.o (puts)
d:/environment/ide/quartus_18.1.0.625/nios2eds/bin/gnu/h-x86_64-mingw32/bin/../lib/gcc/nios2-elf/5.3.0/../../../../../H-x86_64-mingw32/nios2-elf/lib/mno-hw-mul\libsmallc.a(lib_a-signal.o)
                              d:/environment/ide/quartus_18.1.0.625/nios2eds/bin/gnu/h-x86_64-mingw32/bin/../lib/gcc/nios2-elf/5.3.0/../../../../../H-x86_64-mingw32/nios2-elf/lib/mno-hw-mul\libsmallc.a(lib_a-abort.o) (raise)
d:/environment/ide/quartus_18.1.0.625/nios2eds/bin/gnu/h-x86_64-mingw32/bin/../lib/gcc/nios2-elf/5.3.0/../../../../../H-x86_64-mingw32/nios2-elf/lib/mno-hw-mul\libsmallc.a(lib_a-signalr.o)
                              d:/environment/ide/quartus_18.1.0.625/nios2eds/bin/gnu/h-x86_64-mingw32/bin/../lib/gcc/nios2-elf/5.3.0/../../../../../H-x86_64-mingw32/nios2-elf/lib/mno-hw-mul\libsmallc.a(lib_a-signal.o) (_kill_r)
d:/environment/ide/quartus_18.1.0.625/nios2eds/bin/gnu/h-x86_64-mingw32/bin/../lib/gcc/nios2-elf/5.3.0/../../../../../H-x86_64-mingw32/nios2-elf/lib/mno-hw-mul\libsmallc.a(lib_a-snprintf.o)
                              obj/default/gamelogic.o (snprintf)
d:/environment/ide/quartus_18.1.0.625/nios2eds/bin/gnu/h-x86_64-mingw32/bin/../lib/gcc/nios2-elf/5.3.0/../../../../../H-x86_64-mingw32/nios2-elf/lib/mno-hw-mul\libsmallc.a(lib_a-strcmp.o)
                              obj/default/lwip/core/dns.o (strcmp)
d:/environment/ide/quartus_18.1.0.625/nios2eds/bin/gnu/h-x86_64-mingw32/bin/../lib/gcc/nios2-elf/5.3.0/../../../../../H-x86_64-mingw32/nios2-elf/lib/mno-hw-mul\libsmallc.a(lib_a-strlen.o)
[...]
Memory Configuration

Name             Origin             Length             Attributes
vga_sprite_7     0x0000000000000000 0x0000000000001000
vga_sprite_6     0x0000000000001000 0x0000000000001000
vga_sprite_5     0x0000000000002000 0x0000000000001000
vga_sprite_4     0x0000000000003000 0x0000000000001000
vga_sprite_3     0x0000000000004000 0x0000000000001000
vga_sprite_2     0x0000000000005000 0x0000000000001000
vga_sprite_1     0x0000000000006000 0x0000000000001000
vga_sprite_0     0x0000000000007000 0x0000000000001000
usb_keycode      0x0000000000009000 0x0000000000000400
reset            0x0000000000040000 0x0000000000000020
nios2_onchip_mem 0x0000000000040020 0x000000000003ffe0
sdram            0x0000000008000000 0x0000000008000000
*default*        0x0000000000000000 0xffffffffffffffff

Linker script and memory map

LOAD ../ECE385_bsp//obj/HAL/src/crt0.o
LOAD obj/default/audio.o
LOAD obj/default/comm.o
LOAD obj/default/ethernet.o
LOAD obj/default/gamelogic.o
LOAD obj/default/httpc.o
LOAD obj/default/lwip/apps/http/http_client.o
LOAD obj/default/lwip/core/altcp.o
LOAD obj/default/lwip/core/altcp_alloc.o
LOAD obj/default/lwip/core/altcp_tcp.o
LOAD obj/default/lwip/core/def.o
LOAD obj/default/lwip/core/dns.o
LOAD obj/default/lwip/core/inet_chksum.o
LOAD obj/default/lwip/core/init.o
LOAD obj/default/lwip/core/ip.o
LOAD obj/default/lwip/core/ipv4/autoip.o
LOAD obj/default/lwip/core/ipv4/dhcp.o
LOAD obj/default/lwip/core/ipv4/etharp.o
LOAD obj/default/lwip/core/ipv4/icmp.o
LOAD obj/default/lwip/core/ipv4/igmp.o
LOAD obj/default/lwip/core/ipv4/ip4.o
LOAD obj/default/lwip/core/ipv4/ip4_addr.o
LOAD obj/default/lwip/core/ipv4/ip4_frag.o
LOAD obj/default/lwip/core/ipv6/dhcp6.o
LOAD obj/default/lwip/core/ipv6/ethip6.o
LOAD obj/default/lwip/core/ipv6/icmp6.o
LOAD obj/default/lwip/core/ipv6/inet6.o
LOAD obj/default/lwip/core/ipv6/ip6.o
LOAD obj/default/lwip/core/ipv6/ip6_addr.o
LOAD obj/default/lwip/core/ipv6/ip6_frag.o
LOAD obj/default/lwip/core/ipv6/mld6.o
LOAD obj/default/lwip/core/ipv6/nd6.o
LOAD obj/default/lwip/core/mem.o
LOAD obj/default/lwip/core/memp.o
LOAD obj/default/lwip/core/netif.o
LOAD obj/default/lwip/core/pbuf.o
LOAD obj/default/lwip/core/raw.o
LOAD obj/default/lwip/core/stats.o
LOAD obj/default/lwip/core/sys.o
LOAD obj/default/lwip/core/tcp.o
LOAD obj/default/lwip/core/tcp_in.o
LOAD obj/default/lwip/core/tcp_out.o
LOAD obj/default/lwip/core/timeouts.o
LOAD obj/default/lwip/core/udp.o
LOAD obj/default/lwip/netif/ethernet.o
LOAD obj/default/lwip_port/compat.o
LOAD obj/default/main.o
LOAD obj/default/main_menu.o
LOAD obj/default/memcpy_dma.o
LOAD obj/default/resources/chinese.o
LOAD obj/default/resources/main_menu_bg.o
LOAD obj/default/resources/music.o
LOAD obj/default/resources/plane_player.o
LOAD obj/default/resources/resource.o
LOAD obj/default/resources/scoreboard_bg.o
LOAD obj/default/resources/sound_explosion.o
LOAD obj/default/resources/sound_hit.o
LOAD obj/default/resources/vga_fonts.o
LOAD obj/default/rng.o
LOAD obj/default/scoreboard.o
LOAD obj/default/sprites.o
LOAD obj/default/vga.o
LOAD d:/environment/ide/quartus_18.1.0.625/nios2eds/bin/gnu/h-x86_64-mingw32/bin/../lib/gcc/nios2-elf/5.3.0/../../../../../H-x86_64-mingw32/nios2-elf/lib/mno-hw-mul\libstdc++.a
LOAD d:/environment/ide/quartus_18.1.0.625/nios2eds/bin/gnu/h-x86_64-mingw32/bin/../lib/gcc/nios2-elf/5.3.0/../../../../../H-x86_64-mingw32/nios2-elf/lib/mno-hw-mul\libm.a
LOAD d:/environment/ide/quartus_18.1.0.625/nios2eds/bin/gnu/h-x86_64-mingw32/bin/../lib/gcc/nios2-elf/5.3.0/mno-hw-mul\libgcc.a
START GROUP
LOAD d:/environment/ide/quartus_18.1.0.625/nios2eds/bin/gnu/h-x86_64-mingw32/bin/../lib/gcc/nios2-elf/5.3.0/../../../../../H-x86_64-mingw32/nios2-elf/lib/mno-hw-mul\libsmallc.a
LOAD d:/environment/ide/quartus_18.1.0.625/nios2eds/bin/gnu/h-x86_64-mingw32/bin/../lib/gcc/nios2-elf/5.3.0/mno-hw-mul\libgcc.a
LOAD ../ECE385_bsp/\libhal_bsp.a
LOAD d:/environment/ide/quartus_18.1.0.625/nios2eds/bin/gnu/h-x86_64-mingw32/bin/../lib/gcc/nios2-elf/5.3.0/../../../../../H-x86_64-mingw32/nios2-elf/lib/mno-hw-mul\libm.a
END GROUP
LOAD d:/environment/ide/quartus_18.1.0.625/nios2eds/bin/gnu/h-x86_64-mingw32/bin/../lib/gcc/nios2-elf/5.3.0/mno-hw-mul\libgcc.a
                0x0000000000000000                __alt_mem_vga_sprite_7 = 0x0
                0x0000000000001000                __alt_mem_vga_sprite_6 = 0x1000
                0x0000000000002000                __alt_mem_vga_sprite_5 = 0x2000
                0x0000000000003000                __alt_mem_vga_sprite_4 = 0x3000
                0x0000000000004000                __alt_mem_vga_sprite_3 = 0x4000
                0x0000000000005000                __alt_mem_vga_sprite_2 = 0x5000
                0x0000000000006000                __alt_mem_vga_sprite_1 = 0x6000
                0x0000000000007000                __alt_mem_vga_sprite_0 = 0x7000
                0x0000000000009000                __alt_mem_usb_keycode = 0x9000
                0x0000000000040000                __alt_mem_nios2_onchip_mem = 0x40000
                0x0000000008000000                __alt_mem_sdram = 0x8000000

.entry          0x0000000000040000       0x20
 *(.entry)
 .entry         0x0000000000040000       0x20 ../ECE385_bsp//obj/HAL/src/crt0.o
                0x0000000000040000                __reset

.exceptions     0x0000000000040020      0x164
                0x0000000000040020                PROVIDE (__ram_exceptions_start, ABSOLUTE (.))
                0x0000000000040020                . = ALIGN (0x20)
 *(.irq)
 *(.exceptions.entry.label)
 .exceptions.entry.label
                0x0000000000040020        0x0 ../ECE385_bsp/\libhal_bsp.a(alt_irq_entry.o)
                0x0000000000040020                alt_irq_entry
 .exceptions.entry.label
                0x0000000000040020        0x0 ../ECE385_bsp/\libhal_bsp.a(alt_exception_entry.o)
                0x0000000000040020                alt_exception
 *(.exceptions.entry.user)
 *(.exceptions.entry.ecc_fatal)
 *(.exceptions.entry)
 .exceptions.entry
                0x0000000000040020       0x54 ../ECE385_bsp/\libhal_bsp.a(alt_exception_entry.o)
 *(.exceptions.irqtest.user)
 *(.exceptions.irqtest)
 .exceptions.irqtest
                0x0000000000040074       0x10 ../ECE385_bsp/\libhal_bsp.a(alt_irq_entry.o)
 *(.exceptions.irqhandler.user)
 *(.exceptions.irqhandler)
 .exceptions.irqhandler
                0x0000000000040084        0x4 ../ECE385_bsp/\libhal_bsp.a(alt_irq_entry.o)
 *(.exceptions.irqreturn.user)
 *(.exceptions.irqreturn)
 .exceptions.irqreturn
                0x0000000000040088        0x4 ../ECE385_bsp/\libhal_bsp.a(alt_irq_entry.o)
 *(.exceptions.notirq.label)
 .exceptions.notirq.label
                0x000000000004008c        0x0 ../ECE385_bsp/\libhal_bsp.a(alt_irq_entry.o)
 *(.exceptions.notirq.user)
 *(.exceptions.notirq)
 .exceptions.notirq
                0x000000000004008c        0x8 ../ECE385_bsp/\libhal_bsp.a(alt_exception_entry.o)
 *(.exceptions.soft.user)
 *(.exceptions.soft)
 *(.exceptions.unknown.user)
 *(.exceptions.unknown)
 .exceptions.unknown
                0x0000000000040094       0x14 ../ECE385_bsp/\libhal_bsp.a(alt_exception_entry.o)
 *(.exceptions.exit.label)
 .exceptions.exit.label
                0x00000000000400a8        0x0 ../ECE385_bsp/\libhal_bsp.a(alt_irq_entry.o)
 .exceptions.exit.label
                0x00000000000400a8        0x0 ../ECE385_bsp/\libhal_bsp.a(alt_exception_entry.o)
 *(.exceptions.exit.user)
 *(.exceptions.exit)
 .exceptions.exit
                0x00000000000400a8       0x54 ../ECE385_bsp/\libhal_bsp.a(alt_exception_entry.o)
 *(.exceptions)
 .exceptions    0x00000000000400fc       0x64 ../ECE385_bsp/\libhal_bsp.a(alt_irq_handler.o)
                0x00000000000400fc                alt_irq_handler
 .exceptions    0x0000000000040160       0x24 ../ECE385_bsp/\libhal_bsp.a(alt_instruction_exception_entry.o)
                0x0000000000040160                alt_instruction_exception_entry
                0x0000000000040184                PROVIDE (__ram_exceptions_end, ABSOLUTE (.))
                0x0000000000040020                PROVIDE (__flash_exceptions_start, LOADADDR (.exceptions))

.resources      0x0000000008000000   0x81912c
                [!provide]                        PROVIDE (_alt_partition_resources_start, ABSOLUTE (.))
 *(.resources .resources.*)
 .resources     0x0000000008000000     0x1010 obj/default/main.o
                0x0000000008000000                http_score_upload
 .resources     0x0000000008001010    0xa34a0 obj/default/resources/chinese.o
                0x0000000008001010                chinese_font
 .resources     0x00000000080a44b0    0x96000 obj/default/resources/main_menu_bg.o
                0x00000000080a44b0                main_menu_bg
 .resources     0x000000000813a4b0   0x4ce792 obj/default/resources/music.o
                0x000000000813a4b0                music_data
 .resources     0x0000000008608c42     0x2400 obj/default/resources/plane_player.o
                0x0000000008608c42                plane_player2
                0x0000000008609842                plane_player1
                0x000000000860a442                plane_player0
 .resources     0x000000000860b042   0x16e900 obj/default/resources/resource.o
                0x000000000860b042                background
                0x000000000876a942                explosion20
                0x000000000876b142                explosion19
                0x000000000876b942                explosion18
                0x000000000876c142                explosion17
                0x000000000876c942                explosion16
                0x000000000876d142                explosion15
                0x000000000876d942                explosion14
                0x000000000876e142                explosion13
                0x000000000876e942                explosion12
                0x000000000876f142                explosion11
                0x000000000876f942                explosion10
                0x0000000008770142                explosion9
                0x0000000008770942                explosion8
                0x0000000008771142                explosion7
                0x0000000008771942                explosion6
                0x0000000008772142                explosion5
                0x0000000008772942                explosion4
                0x0000000008773142                explosion3
                0x0000000008773942                explosion2
                0x0000000008774142                explosion1
                0x0000000008774942                explosion0
                0x0000000008775142                enemy5
                0x0000000008775d42                enemy4
                0x0000000008776942                enemy3
                0x0000000008777542                enemy2
                0x0000000008778142                enemy1
                0x0000000008778d42                enemy0
 .resources     0x0000000008779942    0x96000 obj/default/resources/scoreboard_bg.o
                0x0000000008779942                scoreboard_bg
 .resources     0x000000000880f942     0x3e80 obj/default/resources/sound_explosion.o
                0x000000000880f942                explosion_data
 .resources     0x00000000088137c2     0x395a obj/default/resources/sound_hit.o
                0x00000000088137c2                sound_hit_data
 .resources     0x000000000881711c     0x1000 obj/default/resources/vga_fonts.o
                0x000000000881711c                font_data
 .resources     0x000000000881811c     0x1010 obj/default/scoreboard.o
                0x000000000881811c                scoreboard_request
                0x000000000881912c                . = ALIGN (0x4)
                [!provide]                        PROVIDE (_alt_partition_resources_end, ABSOLUTE (.))

.onchip         0x0000000000040184     0x10c0
                [!provide]                        PROVIDE (_alt_partition_onchip_start, ABSOLUTE (.))
 *(.onchip .onchip.*)
 .onchip        0x0000000000040184     0x1080 obj/default/ethernet.o
                0x0000000000040184                eth0_rx_frame
                0x0000000000040984                tx_frame
                0x0000000000041184                eth0_rx_descriptor_end
                0x00000000000411a4                eth0_rx_descriptor
                0x00000000000411c4                eth0_tx_descriptor_end
                0x00000000000411e4                eth0_tx_descriptor
 .onchip        0x0000000000041204       0x40 obj/default/memcpy_dma.o
                0x0000000000041204                dma_descriptor_end
                0x0000000000041224                dma_descriptor
                0x0000000000041244                . = ALIGN (0x4)
                [!provide]                        PROVIDE (_alt_partition_onchip_end, ABSOLUTE (.))

.text           0x0000000000041244    0x2707c
                [!provide]                        PROVIDE (stext, ABSOLUTE (.))
 *(.interp)
 *(.hash)
 *(.dynsym)
 *(.dynstr)
 *(.gnu.version)
 *(.gnu.version_d)
 *(.gnu.version_r)
 *(.rel.init)
 *(.rela.init)
 *(.rel.text .rel.text.* .rel.gnu.linkonce.t.*)
 *(.rela.text .rela.text.* .rela.gnu.linkonce.t.*)
 *(.rel.fini)
 *(.rela.fini)
 *(.rel.rodata .rel.rodata.* .rel.gnu.linkonce.r.*)
 *(.rela.rodata .rela.rodata.* .rela.gnu.linkonce.r.*)
 *(.rel.data .rel.data.* .rel.gnu.linkonce.d.*)
 *(.rela.data .rela.data.* .rela.gnu.linkonce.d.*)
 *(.rel.tdata .rel.tdata.* .rel.gnu.linkonce.td.*)
 *(.rela.tdata .rela.tdata.* .rela.gnu.linkonce.td.*)
 *(.rel.tbss .rel.tbss.* .rel.gnu.linkonce.tb.*)
 *(.rela.tbss .rela.tbss.* .rela.gnu.linkonce.tb.*)
 *(.rel.ctors)
 *(.rela.ctors)
 *(.rel.dtors)
 *(.rela.dtors)
 *(.rel.got)
 *(.rela.got)
 *(.rel.sdata .rel.sdata.* .rel.gnu.linkonce.s.*)
 *(.rela.sdata .rela.sdata.* .rela.gnu.linkonce.s.*)
 *(.rel.sbss .rel.sbss.* .rel.gnu.linkonce.sb.*)
 *(.rela.sbss .rela.sbss.* .rela.gnu.linkonce.sb.*)
 *(.rel.sdata2 .rel.sdata2.* .rel.gnu.linkonce.s2.*)
 *(.rela.sdata2 .rela.sdata2.* .rela.gnu.linkonce.s2.*)
 *(.rel.sbss2 .rel.sbss2.* .rel.gnu.linkonce.sb2.*)
 *(.rela.sbss2 .rela.sbss2.* .rela.gnu.linkonce.sb2.*)
 *(.rel.bss .rel.bss.* .rel.gnu.linkonce.b.*)
 *(.rela.bss .rela.bss.* .rela.gnu.linkonce.b.*)
 *(.rel.plt)
 *(.rela.plt)
 *(.rel.dyn)
 *(.init)
 *(.plt)
 *(.text .stub .text.* .gnu.linkonce.t.*)
 .text          0x0000000000041244       0x3c ../ECE385_bsp//obj/HAL/src/crt0.o
                0x0000000000041244                _start
 .text          0x0000000000041280       0xf4 obj/default/audio.o
                0x0000000000041280                audio_interrupt
                0x0000000000041330                audio_init
 .text          0x0000000000041374        0x0 obj/default/comm.o
 .text          0x0000000000041374      0x3a8 obj/default/ethernet.o
                0x0000000000041374                eth0_tx
                0x0000000000041404                eth_init
                0x00000000000414a0                eth_ip_reverse
                0x00000000000414c8                eth0_rx_start
                0x0000000000041514                eth_loop
                0x0000000000041600                eth0_init
                0x00000000000416e8                eth0_ip
 .text          0x000000000004171c     0x2008 obj/default/gamelogic.o
                0x0000000000041ad4                game_init
                0x0000000000041ca8                handle_player_plane_keyboard
                0x00000000000420a0                handle_enemy_planes_firing
                0x00000000000422f0                game_loop
                0x0000000000042524                count_score
                0x00000000000425d0                game_over
                0x0000000000042684                game_init_double
                0x000000000004293c                handle_player_plane_keyboard_1p
                0x0000000000042bfc                handle_player_plane_keyboard_2p
                0x0000000000042ebc                handle_enemy_planes_spawn_double
                0x0000000000042ed0                handle_enemy_planes_spawn
                0x0000000000042ed4                handle_enemy_planes_firing_double
                0x0000000000043324                game_loop_double
                0x0000000000043650                game_over_double
 .text          0x0000000000043724      0x1ec obj/default/httpc.o
                0x0000000000043724                httpc_request_finish
                0x0000000000043754                httpc_callback
                0x00000000000437d4                httpc_send_request
                0x00000000000438ac                httpc_processing
                0x0000000000043904                httpc_success
 .text          0x0000000000043910      0xc90 obj/default/lwip/apps/http/http_client.o
                0x00000000000442f8                httpc_get_file
                0x000000000004442c                httpc_get_file_dns
 .text          0x00000000000445a0        0x0 obj/default/lwip/core/altcp.o
 .text          0x00000000000445a0        0x0 obj/default/lwip/core/altcp_alloc.o
 .text          0x00000000000445a0        0x0 obj/default/lwip/core/altcp_tcp.o
 .text          0x00000000000445a0      0x2e8 obj/default/lwip/core/def.o
                0x00000000000445a0                lwip_htons
                0x00000000000445b4                lwip_htonl
                0x00000000000445dc                lwip_strnstr
                0x0000000000044684                lwip_stricmp
                0x00000000000446f4                lwip_strnicmp
                0x0000000000044778                lwip_itoa
 .text          0x0000000000044888     0x16ac obj/default/lwip/core/dns.o
                0x0000000000045888                dns_init
                0x000000000004588c                dns_setserver
                0x0000000000045940                dns_getserver
                0x0000000000045980                dns_tmr
                0x00000000000459b0                dns_gethostbyname_addrtype
                0x0000000000045f14                dns_gethostbyname
 .text.unlikely
                0x0000000000045f34       0xcc obj/default/lwip/core/dns.o
 .text          0x0000000000046000      0x608 obj/default/lwip/core/inet_chksum.o
                0x0000000000046000                lwip_standard_chksum
                0x0000000000046338                inet_chksum_pseudo
                0x0000000000046384                ip6_chksum_pseudo
                0x00000000000463e8                ip_chksum_pseudo
                0x0000000000046428                inet_chksum_pseudo_partial
                0x0000000000046480                ip6_chksum_pseudo_partial
                0x00000000000464f0                ip_chksum_pseudo_partial
                0x0000000000046538                inet_chksum
                0x0000000000046558                inet_chksum_pbuf
 .text          0x0000000000046608       0x30 obj/default/lwip/core/init.o
                0x0000000000046608                lwip_init
 .text          0x0000000000046638       0xc4 obj/default/lwip/core/ip.o
                0x0000000000046638                ipaddr_ntoa
                0x0000000000046658                ipaddr_ntoa_r
                0x0000000000046678                ipaddr_aton
                0x00000000000466d4                ip_input
 .text          0x00000000000466fc        0x0 obj/default/lwip/core/ipv4/autoip.o
 .text          0x00000000000466fc     0x2968 obj/default/lwip/core/ipv4/dhcp.o
                0x000000000004826c                dhcp_set_struct
                0x0000000000048340                dhcp_cleanup
                0x00000000000483a0                dhcp_inform
                0x0000000000048504                dhcp_network_changed
                0x000000000004857c                dhcp_arp_reply
                0x00000000000486fc                dhcp_renew
                0x00000000000488e8                dhcp_release_and_stop
                0x0000000000048ae0                dhcp_start
                0x0000000000048c34                dhcp_coarse_tmr
                0x0000000000048efc                dhcp_fine_tmr
                0x0000000000049008                dhcp_release
                0x0000000000049024                dhcp_stop
                0x0000000000049028                dhcp_supplied_address
 .text.unlikely
                0x0000000000049064      0x1f0 obj/default/lwip/core/ipv4/dhcp.o
 .text          0x0000000000049254     0x13dc obj/default/lwip/core/ipv4/etharp.o
                0x00000000000499ac                etharp_tmr
                0x0000000000049acc                etharp_cleanup_netif
                0x0000000000049b5c                etharp_find_addr
                0x0000000000049c3c                etharp_get_entry
                0x0000000000049d80                etharp_input
                0x000000000004a08c                etharp_query
                0x000000000004a3c8                etharp_output
                0x000000000004a5f4                etharp_request
 .text          0x000000000004a630      0x45c obj/default/lwip/core/ipv4/icmp.o
                0x000000000004a790                icmp_input
                0x000000000004aa74                icmp_dest_unreach
                0x000000000004aa80                icmp_time_exceeded
 .text          0x000000000004aa8c      0xba4 obj/default/lwip/core/ipv4/igmp.o
                0x000000000004ade4                igmp_init
                0x000000000004ae00                igmp_start
                0x000000000004ae7c                igmp_stop
                0x000000000004aeec                igmp_report_groups
                0x000000000004af2c                igmp_lookfor_group
                0x000000000004af64                igmp_input
                0x000000000004b104                igmp_joingroup_netif
                0x000000000004b268                igmp_joingroup
                0x000000000004b328                igmp_leavegroup_netif
                0x000000000004b4cc                igmp_leavegroup
                0x000000000004b58c                igmp_tmr
 .text          0x000000000004b630      0x94c obj/default/lwip/core/ipv4/ip4.o
                0x000000000004b630                ip4_set_default_multicast_netif
                0x000000000004b634                ip4_route
                0x000000000004b66c                ip4_input
                0x000000000004ba38                ip4_output_if_opt_src
                0x000000000004bdec                ip4_output_if_opt
                0x000000000004be3c                ip4_output_if
                0x000000000004be94                ip4_output_if_src
                0x000000000004bed0                ip4_output
 .text          0x000000000004bf7c      0x534 obj/default/lwip/core/ipv4/ip4_addr.o
                0x000000000004bf7c                ip4_addr_isbroadcast_u32
                0x000000000004bfcc                ip4_addr_netmask_valid
                0x000000000004c02c                ip4addr_aton
                0x000000000004c318                ipaddr_addr
                0x000000000004c34c                ip4addr_ntoa_r
                0x000000000004c4a0                ip4addr_ntoa
 .text          0x000000000004c4b0     0x1084 obj/default/lwip/core/ipv4/ip4_frag.o
                0x000000000004c8e4                ip_reass_tmr
                0x000000000004c94c                ip4_reass
                0x000000000004d180                ip4_frag
 .text.unlikely
                0x000000000004d534       0x34 obj/default/lwip/core/ipv4/ip4_frag.o
 .text          0x000000000004d568        0x0 obj/default/lwip/core/ipv6/dhcp6.o
 .text          0x000000000004d568       0xf0 obj/default/lwip/core/ipv6/ethip6.o
                0x000000000004d568                ethip6_output
 .text          0x000000000004d658      0x564 obj/default/lwip/core/ipv6/icmp6.o
                0x000000000004d8b0                icmp6_input
                0x000000000004da9c                icmp6_dest_unreach
                0x000000000004daac                icmp6_packet_too_big
                0x000000000004dabc                icmp6_time_exceeded
                0x000000000004dacc                icmp6_time_exceeded_with_addrs
                0x000000000004dba0                icmp6_param_problem
 .text          0x000000000004dbbc        0x0 obj/default/lwip/core/ipv6/inet6.o
 .text          0x000000000004dbbc     0x1060 obj/default/lwip/core/ipv6/ip6.o
                0x000000000004dbbc                ip6_route
                0x000000000004dbe0                ip6_select_source_address
                0x000000000004de48                ip6_input
                0x000000000004e608                ip6_output_if_src
                0x000000000004ea14                ip6_output_if
                0x000000000004eb00                ip6_output
                0x000000000004eb98                ip6_options_add_hbh_ra
 .text          0x000000000004ec1c      0x608 obj/default/lwip/core/ipv6/ip6_addr.o
                0x000000000004ec1c                ip6addr_aton
                0x000000000004ef2c                ip6addr_ntoa_r
                0x000000000004f214                ip6addr_ntoa
 .text          0x000000000004f224      0xfe0 obj/default/lwip/core/ipv6/ip6_frag.o
                0x000000000004f5a4                ip6_reass_tmr
                0x000000000004f5f8                ip6_reass
                0x000000000004fecc                ip6_frag
 .text.unlikely
                0x0000000000050204       0x34 obj/default/lwip/core/ipv6/ip6_frag.o
 .text          0x0000000000050238      0xa50 obj/default/lwip/core/ipv6/mld6.o
                0x00000000000504f4                mld6_stop
                0x0000000000050564                mld6_report_groups
                0x000000000005059c                mld6_lookfor_group
                0x00000000000505f0                mld6_input
                0x0000000000050868                mld6_joingroup_netif
                0x0000000000050998                mld6_joingroup
                0x0000000000050a2c                mld6_leavegroup_netif
                0x0000000000050b64                mld6_leavegroup
                0x0000000000050bf8                mld6_tmr
 .text          0x0000000000050c88     0x3808 obj/default/lwip/core/ipv6/nd6.o
                0x0000000000051acc                nd6_input
                0x000000000005313c                nd6_tmr
                0x00000000000535d8                nd6_clear_destination_cache
                0x0000000000053618                nd6_find_route
                0x00000000000536f0                nd6_get_next_hop_addr_or_queue
                0x0000000000053efc                nd6_get_destination_mtu
                0x0000000000053fbc                nd6_reachability_hint
                0x0000000000054248                nd6_cleanup_netif
                0x0000000000054368                nd6_adjust_mld_membership
                0x0000000000054484                nd6_restart_netif
 .text.unlikely
                0x0000000000054490       0xa0 obj/default/lwip/core/ipv6/nd6.o
 .text          0x0000000000054530      0x66c obj/default/lwip/core/mem.o
                0x0000000000054530                mem_init
                0x0000000000054574                mem_free
                0x000000000005476c                mem_trim
                0x000000000005494c                mem_malloc
                0x0000000000054b34                mem_calloc
 .text          0x0000000000054b9c      0x2a0 obj/default/lwip/core/memp.o
                0x0000000000054b9c                memp_init_pool
                0x0000000000054be4                memp_init
                0x0000000000054c5c                memp_malloc_pool
                0x0000000000054cd0                memp_malloc
                0x0000000000054d58                memp_free_pool
                0x0000000000054dbc                memp_free
 .text.unlikely
                0x0000000000054e3c       0x68 obj/default/lwip/core/memp.o
 .text          0x0000000000054ea4     0x17c0 obj/default/lwip/core/netif.o
                0x0000000000055138                netif_input
                0x00000000000551c4                netif_set_ipaddr
                0x0000000000055220                netif_set_netmask
                0x000000000005528c                netif_set_gw
                0x00000000000552f8                netif_set_addr
                0x00000000000553f0                netif_add
                0x0000000000055680                netif_add_noaddr
                0x00000000000556b0                netif_set_default
                0x00000000000556b8                netif_set_up
                0x0000000000055738                netif_set_down
                0x00000000000557c0                netif_remove
                0x0000000000055898                netif_set_link_up
                0x0000000000055920                netif_init
                0x00000000000559c0                netif_set_link_down
                0x0000000000055a10                netif_loop_output
                0x0000000000055ba4                netif_poll
                0x0000000000055d48                netif_poll_all
                0x0000000000055d58                netif_ip6_addr_set_parts
                0x0000000000055f60                netif_ip6_addr_set
                0x0000000000055ffc                netif_ip6_addr_set_state
                0x0000000000056150                netif_get_ip6_addr_match
                0x0000000000056240                netif_create_ip6_linklocal_address
                0x00000000000563a0                netif_add_ip6_address
                0x0000000000056520                netif_index_to_name
                0x000000000005658c                netif_get_by_index
                0x00000000000565b8                netif_find
                0x0000000000056630                netif_name_to_index
 .text          0x0000000000056664     0x1688 obj/default/lwip/core/pbuf.o
                0x0000000000056808                pbuf_free_ooseq
                0x0000000000056830                pbuf_alloc_reference
                0x00000000000568d8                pbuf_alloced_custom
                0x0000000000056944                pbuf_add_header
                0x000000000005694c                pbuf_add_header_force
                0x0000000000056954                pbuf_remove_header
                0x0000000000056a24                pbuf_header
                0x0000000000056a44                pbuf_header_force
                0x0000000000056a64                pbuf_free
                0x0000000000056be4                pbuf_alloc
                0x0000000000056e50                pbuf_realloc
                0x0000000000056f98                pbuf_free_header
                0x0000000000057030                pbuf_clen
                0x000000000005704c                pbuf_ref
                0x0000000000057074                pbuf_cat
                0x000000000005713c                pbuf_chain
                0x000000000005717c                pbuf_dechain
                0x0000000000057264                pbuf_copy
                0x0000000000057488                pbuf_copy_partial
                0x00000000000575c0                pbuf_get_contiguous
                0x00000000000576d0                pbuf_skip
                0x0000000000057718                pbuf_take
                0x000000000005789c                pbuf_take_at
                0x00000000000579b0                pbuf_clone
                0x0000000000057a40                pbuf_coalesce
                0x0000000000057a9c                pbuf_get_at
                0x0000000000057af0                pbuf_try_get_at
                0x0000000000057b40                pbuf_put_at
                0x0000000000057b8c                pbuf_memcmp
                0x0000000000057bac                pbuf_memfind
                0x0000000000057c64                pbuf_strstr
 .text.unlikely
                0x0000000000057cec       0x34 obj/default/lwip/core/pbuf.o
 .text          0x0000000000057d20      0xb64 obj/default/lwip/core/raw.o
                0x0000000000057d20                raw_input
                0x0000000000057fcc                raw_bind
                0x0000000000058034                raw_bind_netif
                0x0000000000058050                raw_connect
                0x00000000000580c0                raw_disconnect
                0x000000000005817c                raw_recv
                0x0000000000058188                raw_sendto_if_src
                0x00000000000584c8                raw_sendto
                0x0000000000058644                raw_send
                0x000000000005864c                raw_remove
                0x00000000000586a0                raw_new
                0x0000000000058708                raw_new_ip_type
                0x000000000005873c                raw_netif_ip_addr_changed
 .text          0x0000000000058884        0x0 obj/default/lwip/core/stats.o
 .text          0x0000000000058884        0x0 obj/default/lwip/core/sys.o
 .text          0x0000000000058884     0x2aec obj/default/lwip/core/tcp.o
                0x0000000000058908                tcp_init
                0x000000000005892c                tcp_free
                0x0000000000058978                tcp_backlog_delayed
                0x0000000000058a20                tcp_backlog_accepted
                0x0000000000058bcc                tcp_bind
                0x0000000000058e78                tcp_bind_netif
                0x0000000000058e94                tcp_listen_with_backlog_and_err
                0x00000000000590ac                tcp_listen_with_backlog
                0x00000000000590b8                tcp_update_rcv_ann_wnd
                0x00000000000591a8                tcp_recved
                0x0000000000059298                tcp_txnow
                0x00000000000592e4                tcp_seg_free
                0x0000000000059320                tcp_segs_free
                0x0000000000059350                tcp_setprio
                0x0000000000059390                tcp_seg_copy
                0x0000000000059414                tcp_arg
                0x0000000000059420                tcp_recv
                0x000000000005946c                tcp_sent
                0x00000000000594b8                tcp_err
                0x0000000000059504                tcp_accept
                0x000000000005951c                tcp_poll
                0x00000000000595a0                tcp_pcb_purge
                0x0000000000059680                tcp_slowtmr
                0x0000000000059df0                tcp_pcb_remove
                0x000000000005a238                tcp_close
                0x000000000005a290                tcp_recv_null
                0x000000000005a31c                tcp_process_refused_data
                0x000000000005a43c                tcp_fasttmr
                0x000000000005a51c                tcp_tmr
                0x000000000005a554                tcp_shutdown
                0x000000000005a628                tcp_abandon
                0x000000000005a8a4                tcp_abort
                0x000000000005aa70                tcp_alloc
                0x000000000005ac8c                tcp_new
                0x000000000005ac94                tcp_new_ip_type
                0x000000000005acc8                tcp_next_iss
                0x000000000005acec                tcp_eff_send_mss_netif
                0x000000000005adc4                tcp_connect
                0x000000000005b100                tcp_netif_ip_addr_changed
                0x000000000005b278                tcp_debug_state_str
                0x000000000005b294                tcp_tcp_get_tcp_addrinfo
                0x000000000005b32c                tcp_free_ooseq
 .text.unlikely
                0x000000000005b370       0x34 obj/default/lwip/core/tcp.o
 .text          0x000000000005b3a4     0x2c6c obj/default/lwip/core/tcp_in.o
                0x000000000005ca74                tcp_input
                0x000000000005e000                tcp_trigger_input_pcb_close
 .text          0x000000000005e010     0x2928 obj/default/lwip/core/tcp_out.o
                0x000000000005e7c0                tcp_write
                0x000000000005f1b8                tcp_split_unsent_seg
                0x000000000005f4c4                tcp_enqueue_flags
                0x000000000005f708                tcp_send_fin
                0x000000000005f800                tcp_rexmit_rto_prepare
                0x000000000005f928                tcp_rexmit
                0x000000000005fa7c                tcp_rexmit_fast
                0x000000000005fb64                tcp_rst
                0x000000000005fca0                tcp_send_empty_ack
                0x000000000005fd78                tcp_output
                0x00000000000605a0                tcp_rexmit_rto_commit
                0x00000000000605f4                tcp_rexmit_rto
                0x000000000006066c                tcp_keepalive
                0x0000000000060718                tcp_zero_window_probe
 .text          0x0000000000060938      0x418 obj/default/lwip/core/timeouts.o
                0x0000000000060ab8                tcp_timer_needed
                0x0000000000060b0c                sys_timeout
                0x0000000000060b7c                sys_timeouts_init
                0x0000000000060bd0                sys_untimeout
                0x0000000000060c24                sys_check_timeouts
                0x0000000000060cc0                sys_restart_timeouts
                0x0000000000060d08                sys_timeouts_sleeptime
 .text          0x0000000000060d50     0x15e4 obj/default/lwip/core/udp.o
                0x0000000000060d50                udp_init
                0x0000000000060d74                udp_input
                0x0000000000061300                udp_bind
                0x000000000006156c                udp_sendto_if_src
                0x00000000000619ec                udp_sendto_if
                0x0000000000061be8                udp_sendto
                0x0000000000061db4                udp_send
                0x0000000000061e4c                udp_bind_netif
                0x0000000000061e68                udp_connect
                0x0000000000061fb8                udp_disconnect
                0x00000000000620a0                udp_recv
                0x00000000000620e4                udp_remove
                0x0000000000062170                udp_new
                0x00000000000621bc                udp_new_ip_type
                0x00000000000621ec                udp_netif_ip_addr_changed
 .text          0x0000000000062334      0x2cc obj/default/lwip/netif/ethernet.o
                0x0000000000062334                ethernet_input
                0x00000000000624b4                ethernet_output
 .text          0x0000000000062600        0xc obj/default/lwip_port/compat.o
                0x0000000000062600                sys_now
                0x0000000000062604                fflush
 .text          0x000000000006260c       0xf0 obj/default/main.o
                0x000000000006260c                enter_pressed
                0x0000000000062648                r_pressed
                0x0000000000062684                esc_pressed
                0x00000000000626c0                p_pressed
 .text.startup  0x00000000000626fc      0x390 obj/default/main.o
                0x00000000000626fc                main
 .text          0x0000000000062a8c      0x31c obj/default/main_menu.o
                0x0000000000062a8c                main_menu_init
                0x0000000000062bb0                main_menu_select_option
                0x0000000000062c24                main_menu_loop
 .text          0x0000000000062da8      0x17c obj/default/memcpy_dma.o
                0x0000000000062da8                memcpy_dma
                0x0000000000062e48                memset_dma
                0x0000000000062ee4                memset32_dma
                0x0000000000062eec                memset16_dma
                0x0000000000062f00                memset8_dma
 .text          0x0000000000062f24        0x0 obj/default/resources/chinese.o
 .text          0x0000000000062f24        0x0 obj/default/resources/main_menu_bg.o
 .text          0x0000000000062f24        0x0 obj/default/resources/music.o
 .text          0x0000000000062f24        0x0 obj/default/resources/plane_player.o
 .text          0x0000000000062f24        0x0 obj/default/resources/resource.o
 .text          0x0000000000062f24        0x0 obj/default/resources/scoreboard_bg.o
 .text          0x0000000000062f24        0x0 obj/default/resources/sound_explosion.o
 .text          0x0000000000062f24        0x0 obj/default/resources/sound_hit.o
 .text          0x0000000000062f24        0x0 obj/default/resources/vga_fonts.o
 .text          0x0000000000062f24       0x38 obj/default/rng.o
                0x0000000000062f24                rng_generate
 .text          0x0000000000062f5c      0x284 obj/default/scoreboard.o
                0x0000000000062f5c                scoreboard_sendrequest
                0x0000000000062fac                scoreboard_init
                0x0000000000063018                show_score
                0x0000000000063130                scoreboard_loop
 .text          0x00000000000631e0     0x1400 obj/default/sprites.o
                0x0000000000063428                sprites_init
                0x0000000000063514                sprites_allocate
                0x0000000000063648                sprites_get
                0x00000000000636a0                sprites_deallocate
                0x00000000000636b8                sprites_visible
                0x00000000000636d0                sprites_load_data
                0x00000000000636e8                sprites_tick
                0x0000000000063a0c                sprites_limit_speed_2p
                0x0000000000063c08                sprites_limit_speed
                0x0000000000063c0c                sprites_tick_2p
                0x0000000000063f18                sprites_collision_detect_2p
                0x00000000000644a4                sprites_collision_detect
                0x00000000000644a8                sprites_visible_2p
 .text          0x00000000000645e0      0xa84 obj/default/vga.o
                0x00000000000645e0                vga_erase
                0x0000000000064664                vga_fill
                0x00000000000646f8                vga_set
                0x0000000000064794                vga_scroll_init
                0x00000000000647a0                vga_scroll
                0x0000000000064890                utf8_to_code
                0x0000000000064904                utf8_len
                0x000000000006494c                vga_english
                0x0000000000064a0c                vga_english_transparent
                0x0000000000064ab8                vga_chinese
                0x0000000000064bb0                vga_chinese_transparent
                0x0000000000064c94                vga_string
                0x0000000000064df4                vga_string_transparent
                0x0000000000064f54                vga_statusbar_english
                0x0000000000064f64                vga_statusbar_chinese
                0x0000000000064f74                vga_statusbar_string
 .text          0x0000000000065064      0x1b4 d:/environment/ide/quartus_18.1.0.625/nios2eds/bin/gnu/h-x86_64-mingw32/bin/../lib/gcc/nios2-elf/5.3.0/mno-hw-mul\libgcc.a(lib2-divmod.o)
                0x0000000000065064                __divsi3
                0x00000000000650e8                __modsi3
                0x000000000006515c                __udivsi3
                0x00000000000651c0                __umodsi3
 .text          0x0000000000065218       0x28 d:/environment/ide/quartus_18.1.0.625/nios2eds/bin/gnu/h-x86_64-mingw32/bin/../lib/gcc/nios2-elf/5.3.0/mno-hw-mul\libgcc.a(lib2-mul.o)
                0x0000000000065218                __mulsi3
 .text          0x0000000000065240        0x0 d:/environment/ide/quartus_18.1.0.625/nios2eds/bin/gnu/h-x86_64-mingw32/bin/../lib/gcc/nios2-elf/5.3.0/../../../../../H-x86_64-mingw32/nios2-elf/lib/mno-hw-mul\libsmallc.a(lib_a-abort.o)
 .text.abort    0x0000000000065240       0x18 d:/environment/ide/quartus_18.1.0.625/nios2eds/bin/gnu/h-x86_64-mingw32/bin/../lib/gcc/nios2-elf/5.3.0/../../../../../H-x86_64-mingw32/nios2-elf/lib/mno-hw-mul\libsmallc.a(lib_a-abort.o)
                0x0000000000065240                abort
 .text          0x0000000000065258        0x0 d:/environment/ide/quartus_18.1.0.625/nios2eds/bin/gnu/h-x86_64-mingw32/bin/../lib/gcc/nios2-elf/5.3.0/../../../../../H-x86_64-mingw32/nios2-elf/lib/mno-hw-mul\libsmallc.a(lib_a-atoi.o)
 .text.atoi     0x0000000000065258        0xc d:/environment/ide/quartus_18.1.0.625/nios2eds/bin/gnu/h-x86_64-mingw32/bin/../lib/gcc/nios2-elf/5.3.0/../../../../../H-x86_64-mingw32/nios2-elf/lib/mno-hw-mul\libsmallc.a(lib_a-atoi.o)
                0x0000000000065258                atoi
 .text._atoi_r  0x0000000000065264        0xc d:/environment/ide/quartus_18.1.0.625/nios2eds/bin/gnu/h-x86_64-mingw32/bin/../lib/gcc/nios2-elf/5.3.0/../../../../../H-x86_64-mingw32/nios2-elf/lib/mno-hw-mul\libsmallc.a(lib_a-atoi.o)
                0x0000000000065264                _atoi_r
 .text          0x0000000000065270        0x0 d:/environment/ide/quartus_18.1.0.625/nios2eds/bin/gnu/h-x86_64-mingw32/bin/../lib/gcc/nios2-elf/5.3.0/../../../../../H-x86_64-mingw32/nios2-elf/lib/mno-hw-mul\libsmallc.a(lib_a-clock.o)
 .text.clock    0x0000000000065270       0x4c d:/environment/ide/quartus_18.1.0.625/nios2eds/bin/gnu/h-x86_64-mingw32/bin/../lib/gcc/nios2-elf/5.3.0/../../../../../H-x86_64-mingw32/nios2-elf/lib/mno-hw-mul\libsmallc.a(lib_a-clock.o)
                0x0000000000065270                clock
 .text          0x00000000000652bc        0x0 d:/environment/ide/quartus_18.1.0.625/nios2eds/bin/gnu/h-x86_64-mingw32/bin/../lib/gcc/nios2-elf/5.3.0/../../../../../H-x86_64-mingw32/nios2-elf/lib/mno-hw-mul\libsmallc.a(lib_a-ctype_.o)
 .text          0x00000000000652bc        0x0 d:/environment/ide/quartus_18.1.0.625/nios2eds/bin/gnu/h-x86_64-mingw32/bin/../lib/gcc/nios2-elf/5.3.0/../../../../../H-x86_64-mingw32/nios2-elf/lib/mno-hw-mul\libsmallc.a(lib_a-impure.o)
 .text          0x00000000000652bc        0x0 d:/environment/ide/quartus_18.1.0.625/nios2eds/bin/gnu/h-x86_64-mingw32/bin/../lib/gcc/nios2-elf/5.3.0/../../../../../H-x86_64-mingw32/nios2-elf/lib/mno-hw-mul\libsmallc.a(lib_a-memcmp.o)
 .text.memcmp   0x00000000000652bc       0x30 d:/environment/ide/quartus_18.1.0.625/nios2eds/bin/gnu/h-x86_64-mingw32/bin/../lib/gcc/nios2-elf/5.3.0/../../../../../H-x86_64-mingw32/nios2-elf/lib/mno-hw-mul\libsmallc.a(lib_a-memcmp.o)
                0x00000000000652bc                memcmp
 .text          0x00000000000652ec        0x0 d:/environment/ide/quartus_18.1.0.625/nios2eds/bin/gnu/h-x86_64-mingw32/bin/../lib/gcc/nios2-elf/5.3.0/../../../../../H-x86_64-mingw32/nios2-elf/lib/mno-hw-mul\libsmallc.a(lib_a-memcpy.o)
 .text.memcpy   0x00000000000652ec       0x28 d:/environment/ide/quartus_18.1.0.625/nios2eds/bin/gnu/h-x86_64-mingw32/bin/../lib/gcc/nios2-elf/5.3.0/../../../../../H-x86_64-mingw32/nios2-elf/lib/mno-hw-mul\libsmallc.a(lib_a-memcpy.o)
                0x00000000000652ec                memcpy
 .text          0x0000000000065314        0x0 d:/environment/ide/quartus_18.1.0.625/nios2eds/bin/gnu/h-x86_64-mingw32/bin/../lib/gcc/nios2-elf/5.3.0/../../../../../H-x86_64-mingw32/nios2-elf/lib/mno-hw-mul\libsmallc.a(lib_a-memmove.o)
 .text.memmove  0x0000000000065314       0x60 d:/environment/ide/quartus_18.1.0.625/nios2eds/bin/gnu/h-x86_64-mingw32/bin/../lib/gcc/nios2-elf/5.3.0/../../../../../H-x86_64-mingw32/nios2-elf/lib/mno-hw-mul\libsmallc.a(lib_a-memmove.o)
                0x0000000000065314                memmove
 .text          0x0000000000065374        0x0 d:/environment/ide/quartus_18.1.0.625/nios2eds/bin/gnu/h-x86_64-mingw32/bin/../lib/gcc/nios2-elf/5.3.0/../../../../../H-x86_64-mingw32/nios2-elf/lib/mno-hw-mul\libsmallc.a(lib_a-memset.o)
 .text.memset   0x0000000000065374       0x20 d:/environment/ide/quartus_18.1.0.625/nios2eds/bin/gnu/h-x86_64-mingw32/bin/../lib/gcc/nios2-elf/5.3.0/../../../../../H-x86_64-mingw32/nios2-elf/lib/mno-hw-mul\libsmallc.a(lib_a-memset.o)
                0x0000000000065374                memset
 .text          0x0000000000065394        0x0 d:/environment/ide/quartus_18.1.0.625/nios2eds/bin/gnu/h-x86_64-mingw32/bin/../lib/gcc/nios2-elf/5.3.0/../../../../../H-x86_64-mingw32/nios2-elf/lib/mno-hw-mul\libsmallc.a(lib_a-printf.o)
 .text._printf_r
                0x0000000000065394       0x3c d:/environment/ide/quartus_18.1.0.625/nios2eds/bin/gnu/h-x86_64-mingw32/bin/../lib/gcc/nios2-elf/5.3.0/../../../../../H-x86_64-mingw32/nios2-elf/lib/mno-hw-mul\libsmallc.a(lib_a-printf.o)
                0x0000000000065394                _printf_r
 .text.printf   0x00000000000653d0       0x4c d:/environment/ide/quartus_18.1.0.625/nios2eds/bin/gnu/h-x86_64-mingw32/bin/../lib/gcc/nios2-elf/5.3.0/../../../../../H-x86_64-mingw32/nios2-elf/lib/mno-hw-mul\libsmallc.a(lib_a-printf.o)
                0x00000000000653d0                printf
 .text          0x000000000006541c        0x0 d:/environment/ide/quartus_18.1.0.625/nios2eds/bin/gnu/h-x86_64-mingw32/bin/../lib/gcc/nios2-elf/5.3.0/../../../../../H-x86_64-mingw32/nios2-elf/lib/mno-hw-mul\libsmallc.a(lib_a-puts.o)
 .text._puts_r  0x000000000006541c       0x80 d:/environment/ide/quartus_18.1.0.625/nios2eds/bin/gnu/h-x86_64-mingw32/bin/../lib/gcc/nios2-elf/5.3.0/../../../../../H-x86_64-mingw32/nios2-elf/lib/mno-hw-mul\libsmallc.a(lib_a-puts.o)
                0x000000000006541c                _puts_r
 .text.puts     0x000000000006549c       0x14 d:/environment/ide/quartus_18.1.0.625/nios2eds/bin/gnu/h-x86_64-mingw32/bin/../lib/gcc/nios2-elf/5.3.0/../../../../../H-x86_64-mingw32/nios2-elf/lib/mno-hw-mul\libsmallc.a(lib_a-puts.o)
                0x000000000006549c                puts
 .text          0x00000000000654b0        0x0 d:/environment/ide/quartus_18.1.0.625/nios2eds/bin/gnu/h-x86_64-mingw32/bin/../lib/gcc/nios2-elf/5.3.0/../../../../../H-x86_64-mingw32/nios2-elf/lib/mno-hw-mul\libsmallc.a(lib_a-signal.o)
 .text._init_signal_r
                0x00000000000654b0       0x68 d:/environment/ide/quartus_18.1.0.625/nios2eds/bin/gnu/h-x86_64-mingw32/bin/../lib/gcc/nios2-elf/5.3.0/../../../../../H-x86_64-mingw32/nios2-elf/lib/mno-hw-mul\libsmallc.a(lib_a-signal.o)
                0x00000000000654b0                _init_signal_r
 .text._signal_r
                0x0000000000065518       0x7c d:/environment/ide/quartus_18.1.0.625/nios2eds/bin/gnu/h-x86_64-mingw32/bin/../lib/gcc/nios2-elf/5.3.0/../../../../../H-x86_64-mingw32/nios2-elf/lib/mno-hw-mul\libsmallc.a(lib_a-signal.o)
                0x0000000000065518                _signal_r
 .text._raise_r
                0x0000000000065594       0xb4 d:/environment/ide/quartus_18.1.0.625/nios2eds/bin/gnu/h-x86_64-mingw32/bin/../lib/gcc/nios2-elf/5.3.0/../../../../../H-x86_64-mingw32/nios2-elf/lib/mno-hw-mul\libsmallc.a(lib_a-signal.o)
                0x0000000000065594                _raise_r
 .text.__sigtramp_r
                0x0000000000065648       0xa8 d:/environment/ide/quartus_18.1.0.625/nios2eds/bin/gnu/h-x86_64-mingw32/bin/../lib/gcc/nios2-elf/5.3.0/../../../../../H-x86_64-mingw32/nios2-elf/lib/mno-hw-mul\libsmallc.a(lib_a-signal.o)
                0x0000000000065648                __sigtramp_r
 .text.raise    0x00000000000656f0       0x14 d:/environment/ide/quartus_18.1.0.625/nios2eds/bin/gnu/h-x86_64-mingw32/bin/../lib/gcc/nios2-elf/5.3.0/../../../../../H-x86_64-mingw32/nios2-elf/lib/mno-hw-mul\libsmallc.a(lib_a-signal.o)
                0x00000000000656f0                raise
 .text.signal   0x0000000000065704       0x18 d:/environment/ide/quartus_18.1.0.625/nios2eds/bin/gnu/h-x86_64-mingw32/bin/../lib/gcc/nios2-elf/5.3.0/../../../../../H-x86_64-mingw32/nios2-elf/lib/mno-hw-mul\libsmallc.a(lib_a-signal.o)
                0x0000000000065704                signal
 .text._init_signal
                0x000000000006571c       0x10 d:/environment/ide/quartus_18.1.0.625/nios2eds/bin/gnu/h-x86_64-mingw32/bin/../lib/gcc/nios2-elf/5.3.0/../../../../../H-x86_64-mingw32/nios2-elf/lib/mno-hw-mul\libsmallc.a(lib_a-signal.o)
                0x000000000006571c                _init_signal
 .text.__sigtramp
                0x000000000006572c       0x14 d:/environment/ide/quartus_18.1.0.625/nios2eds/bin/gnu/h-x86_64-mingw32/bin/../lib/gcc/nios2-elf/5.3.0/../../../../../H-x86_64-mingw32/nios2-elf/lib/mno-hw-mul\libsmallc.a(lib_a-signal.o)
                0x000000000006572c                __sigtramp
 .text          0x0000000000065740        0x0 d:/environment/ide/quartus_18.1.0.625/nios2eds/bin/gnu/h-x86_64-mingw32/bin/../lib/gcc/nios2-elf/5.3.0/../../../../../H-x86_64-mingw32/nios2-elf/lib/mno-hw-mul\libsmallc.a(lib_a-signalr.o)
 .text._kill_r  0x0000000000065740       0x54 d:/environment/ide/quartus_18.1.0.625/nios2eds/bin/gnu/h-x86_64-mingw32/bin/../lib/gcc/nios2-elf/5.3.0/../../../../../H-x86_64-mingw32/nios2-elf/lib/mno-hw-mul\libsmallc.a(lib_a-signalr.o)
                0x0000000000065740                _kill_r
 .text._getpid_r
                0x0000000000065794        0x4 d:/environment/ide/quartus_18.1.0.625/nios2eds/bin/gnu/h-x86_64-mingw32/bin/../lib/gcc/nios2-elf/5.3.0/../../../../../H-x86_64-mingw32/nios2-elf/lib/mno-hw-mul\libsmallc.a(lib_a-signalr.o)
                0x0000000000065794                _getpid_r
 .text          0x0000000000065798        0x0 d:/environment/ide/quartus_18.1.0.625/nios2eds/bin/gnu/h-x86_64-mingw32/bin/../lib/gcc/nios2-elf/5.3.0/../../../../../H-x86_64-mingw32/nios2-elf/lib/mno-hw-mul\libsmallc.a(lib_a-snprintf.o)
 .text._snprintf_r
                0x0000000000065798       0xb0 d:/environment/ide/quartus_18.1.0.625/nios2eds/bin/gnu/h-x86_64-mingw32/bin/../lib/gcc/nios2-elf/5.3.0/../../../../../H-x86_64-mingw32/nios2-elf/lib/mno-hw-mul\libsmallc.a(lib_a-snprintf.o)
                0x0000000000065798                _snprintf_r
 .text.snprintf
                0x0000000000065848       0xb8 d:/environment/ide/quartus_18.1.0.625/nios2eds/bin/gnu/h-x86_64-mingw32/bin/../lib/gcc/nios2-elf/5.3.0/../../../../../H-x86_64-mingw32/nios2-elf/lib/mno-hw-mul\libsmallc.a(lib_a-snprintf.o)
                0x0000000000065848                snprintf
 .text          0x0000000000065900        0x0 d:/environment/ide/quartus_18.1.0.625/nios2eds/bin/gnu/h-x86_64-mingw32/bin/../lib/gcc/nios2-elf/5.3.0/../../../../../H-x86_64-mingw32/nios2-elf/lib/mno-hw-mul\libsmallc.a(lib_a-strcmp.o)
 .text.strcmp   0x0000000000065900       0x38 d:/environment/ide/quartus_18.1.0.625/nios2eds/bin/gnu/h-x86_64-mingw32/bin/../lib/gcc/nios2-elf/5.3.0/../../../../../H-x86_64-mingw32/nios2-elf/lib/mno-hw-mul\libsmallc.a(lib_a-strcmp.o)
                0x0000000000065900                strcmp
 .text          0x0000000000065938        0x0 d:/environment/ide/quartus_18.1.0.625/nios2eds/bin/gnu/h-x86_64-mingw32/bin/../lib/gcc/nios2-elf/5.3.0/../../../../../H-x86_64-mingw32/nios2-elf/lib/mno-hw-mul\libsmallc.a(lib_a-strlen.o)
 .text.strlen   0x0000000000065938       0x1c d:/environment/ide/quartus_18.1.0.625/nios2eds/bin/gnu/h-x86_64-mingw32/bin/../lib/gcc/nios2-elf/5.3.0/../../../../../H-x86_64-mingw32/nios2-elf/lib/mno-hw-mul\libsmallc.a(lib_a-strlen.o)
                0x0000000000065938                strlen
 .text          0x0000000000065954        0x0 d:/environment/ide/quartus_18.1.0.625/nios2eds/bin/gnu/h-x86_64-mingw32/bin/../lib/gcc/nios2-elf/5.3.0/../../../../../H-x86_64-mingw32/nios2-elf/lib/mno-hw-mul\libsmallc.a(lib_a-strncmp.o)
 .text.strncmp  0x0000000000065954       0x60 d:/environment/ide/quartus_18.1.0.625/nios2eds/bin/gnu/h-x86_64-mingw32/bin/../lib/gcc/nios2-elf/5.3.0/../../../../../H-x86_64-mingw32/nios2-elf/lib/mno-hw-mul\libsmallc.a(lib_a-strncmp.o)
                0x0000000000065954                strncmp
 .text          0x00000000000659b4        0x0 d:/environment/ide/quartus_18.1.0.625/nios2eds/bin/gnu/h-x86_64-mingw32/bin/../lib/gcc/nios2-elf/5.3.0/../../../../../H-x86_64-mingw32/nios2-elf/lib/mno-hw-mul\libsmallc.a(lib_a-strtol.o)
 .text._strtol_r
                0x00000000000659b4      0x234 d:/environment/ide/quartus_18.1.0.625/nios2eds/bin/gnu/h-x86_64-mingw32/bin/../lib/gcc/nios2-elf/5.3.0/../../../../../H-x86_64-mingw32/nios2-elf/lib/mno-hw-mul\libsmallc.a(lib_a-strtol.o)
                0x00000000000659b4                _strtol_r
 .text.strtol   0x0000000000065be8       0x1c d:/environment/ide/quartus_18.1.0.625/nios2eds/bin/gnu/h-x86_64-mingw32/bin/../lib/gcc/nios2-elf/5.3.0/../../../../../H-x86_64-mingw32/nios2-elf/lib/mno-hw-mul\libsmallc.a(lib_a-strtol.o)
                0x0000000000065be8                strtol
 .text          0x0000000000065c04        0x0 d:/environment/ide/quartus_18.1.0.625/nios2eds/bin/gnu/h-x86_64-mingw32/bin/../lib/gcc/nios2-elf/5.3.0/../../../../../H-x86_64-mingw32/nios2-elf/lib/mno-hw-mul\libsmallc.a(lib_a-svfprintf.o)
 .text.print_repeat
                0x0000000000065c04       0x6c d:/environment/ide/quartus_18.1.0.625/nios2eds/bin/gnu/h-x86_64-mingw32/bin/../lib/gcc/nios2-elf/5.3.0/../../../../../H-x86_64-mingw32/nios2-elf/lib/mno-hw-mul\libsmallc.a(lib_a-svfprintf.o)
 .text.___svfprintf_internal_r
                0x0000000000065c70      0x52c d:/environment/ide/quartus_18.1.0.625/nios2eds/bin/gnu/h-x86_64-mingw32/bin/../lib/gcc/nios2-elf/5.3.0/../../../../../H-x86_64-mingw32/nios2-elf/lib/mno-hw-mul\libsmallc.a(lib_a-svfprintf.o)
                0x0000000000065c70                ___svfprintf_internal_r
 .text.__vfprintf_internal_unused
                0x000000000006619c       0x1c d:/environment/ide/quartus_18.1.0.625/nios2eds/bin/gnu/h-x86_64-mingw32/bin/../lib/gcc/nios2-elf/5.3.0/../../../../../H-x86_64-mingw32/nios2-elf/lib/mno-hw-mul\libsmallc.a(lib_a-svfprintf.o)
                0x000000000006619c                __vfprintf_internal_unused
 .text          0x00000000000661b8        0x0 d:/environment/ide/quartus_18.1.0.625/nios2eds/bin/gnu/h-x86_64-mingw32/bin/../lib/gcc/nios2-elf/5.3.0/../../../../../H-x86_64-mingw32/nios2-elf/lib/mno-hw-mul\libsmallc.a(lib_a-timesr.o)
 .text._times_r
                0x00000000000661b8        0x8 d:/environment/ide/quartus_18.1.0.625/nios2eds/bin/gnu/h-x86_64-mingw32/bin/../lib/gcc/nios2-elf/5.3.0/../../../../../H-x86_64-mingw32/nios2-elf/lib/mno-hw-mul\libsmallc.a(lib_a-timesr.o)
                0x00000000000661b8                _times_r
 .text          0x00000000000661c0        0x0 d:/environment/ide/quartus_18.1.0.625/nios2eds/bin/gnu/h-x86_64-mingw32/bin/../lib/gcc/nios2-elf/5.3.0/../../../../../H-x86_64-mingw32/nios2-elf/lib/mno-hw-mul\libsmallc.a(lib_a-vfprintf.o)
 .text.print_repeat
                0x00000000000661c0       0x6c d:/environment/ide/quartus_18.1.0.625/nios2eds/bin/gnu/h-x86_64-mingw32/bin/../lib/gcc/nios2-elf/5.3.0/../../../../../H-x86_64-mingw32/nios2-elf/lib/mno-hw-mul\libsmallc.a(lib_a-vfprintf.o)
 .text.___vfprintf_internal_r
                0x000000000006622c      0x52c d:/environment/ide/quartus_18.1.0.625/nios2eds/bin/gnu/h-x86_64-mingw32/bin/../lib/gcc/nios2-elf/5.3.0/../../../../../H-x86_64-mingw32/nios2-elf/lib/mno-hw-mul\libsmallc.a(lib_a-vfprintf.o)
                0x000000000006622c                ___vfprintf_internal_r
 .text.__vfprintf_internal
                0x0000000000066758       0x1c d:/environment/ide/quartus_18.1.0.625/nios2eds/bin/gnu/h-x86_64-mingw32/bin/../lib/gcc/nios2-elf/5.3.0/../../../../../H-x86_64-mingw32/nios2-elf/lib/mno-hw-mul\libsmallc.a(lib_a-vfprintf.o)
                0x0000000000066758                __vfprintf_internal
 .text          0x0000000000066774        0x0 d:/environment/ide/quartus_18.1.0.625/nios2eds/bin/gnu/h-x86_64-mingw32/bin/../lib/gcc/nios2-elf/5.3.0/../../../../../H-x86_64-mingw32/nios2-elf/lib/mno-hw-mul\libsmallc.a(lib_a-fvwrite_small_dev.o)
 .text.__sfvwrite_small_dev
                0x0000000000066774       0xb8 d:/environment/ide/quartus_18.1.0.625/nios2eds/bin/gnu/h-x86_64-mingw32/bin/../lib/gcc/nios2-elf/5.3.0/../../../../../H-x86_64-mingw32/nios2-elf/lib/mno-hw-mul\libsmallc.a(lib_a-fvwrite_small_dev.o)
                0x0000000000066774                __sfvwrite_small_dev
 .text          0x000000000006682c        0x0 d:/environment/ide/quartus_18.1.0.625/nios2eds/bin/gnu/h-x86_64-mingw32/bin/../lib/gcc/nios2-elf/5.3.0/../../../../../H-x86_64-mingw32/nios2-elf/lib/mno-hw-mul\libsmallc.a(lib_a-fvwrite_small_str.o)
 .text.__sfvwrite_small_str
                0x000000000006682c       0xa8 d:/environment/ide/quartus_18.1.0.625/nios2eds/bin/gnu/h-x86_64-mingw32/bin/../lib/gcc/nios2-elf/5.3.0/../../../../../H-x86_64-mingw32/nios2-elf/lib/mno-hw-mul\libsmallc.a(lib_a-fvwrite_small_str.o)
                0x000000000006682c                __sfvwrite_small_str
 .text          0x00000000000668d4        0x0 d:/environment/ide/quartus_18.1.0.625/nios2eds/bin/gnu/h-x86_64-mingw32/bin/../lib/gcc/nios2-elf/5.3.0/../../../../../H-x86_64-mingw32/nios2-elf/lib/mno-hw-mul\libsmallc.a(lib_a-int_errno.o)
 .text          0x00000000000668d4        0x0 d:/environment/ide/quartus_18.1.0.625/nios2eds/bin/gnu/h-x86_64-mingw32/bin/../lib/gcc/nios2-elf/5.3.0/../../../../../H-x86_64-mingw32/nios2-elf/lib/mno-hw-mul\libsmallc.a(lib_a-nano-mallocr.o)
 .text._malloc_r
                0x00000000000668d4      0x158 d:/environment/ide/quartus_18.1.0.625/nios2eds/bin/gnu/h-x86_64-mingw32/bin/../lib/gcc/nios2-elf/5.3.0/../../../../../H-x86_64-mingw32/nios2-elf/lib/mno-hw-mul\libsmallc.a(lib_a-nano-mallocr.o)
                0x00000000000668d4                _malloc_r
 .text          0x0000000000066a2c        0x0 d:/environment/ide/quartus_18.1.0.625/nios2eds/bin/gnu/h-x86_64-mingw32/bin/../lib/gcc/nios2-elf/5.3.0/../../../../../H-x86_64-mingw32/nios2-elf/lib/mno-hw-mul\libsmallc.a(lib_a-sbrkr.o)
 .text._sbrk_r  0x0000000000066a2c       0x50 d:/environment/ide/quartus_18.1.0.625/nios2eds/bin/gnu/h-x86_64-mingw32/bin/../lib/gcc/nios2-elf/5.3.0/../../../../../H-x86_64-mingw32/nios2-elf/lib/mno-hw-mul\libsmallc.a(lib_a-sbrkr.o)
                0x0000000000066a2c                _sbrk_r
 .text          0x0000000000066a7c        0x0 d:/environment/ide/quartus_18.1.0.625/nios2eds/bin/gnu/h-x86_64-mingw32/bin/../lib/gcc/nios2-elf/5.3.0/../../../../../H-x86_64-mingw32/nios2-elf/lib/mno-hw-mul\libsmallc.a(lib_a-writer.o)
 .text._write_r
                0x0000000000066a7c       0x58 d:/environment/ide/quartus_18.1.0.625/nios2eds/bin/gnu/h-x86_64-mingw32/bin/../lib/gcc/nios2-elf/5.3.0/../../../../../H-x86_64-mingw32/nios2-elf/lib/mno-hw-mul\libsmallc.a(lib_a-writer.o)
                0x0000000000066a7c                _write_r
 .text          0x0000000000066ad4       0x14 ../ECE385_bsp/\libhal_bsp.a(alt_exit.o)
                0x0000000000066ad4                _exit
 .text          0x0000000000066ae8        0x8 ../ECE385_bsp/\libhal_bsp.a(alt_getpid.o)
                0x0000000000066ae8                getpid
 .text          0x0000000000066af0       0x8c ../ECE385_bsp/\libhal_bsp.a(alt_iic.o)
                0x0000000000066af0                alt_ic_isr_register
                0x0000000000066af4                alt_ic_irq_enable
                0x0000000000066b2c                alt_ic_irq_disable
                0x0000000000066b64                alt_ic_irq_enabled
 .text          0x0000000000066b7c       0x68 ../ECE385_bsp/\libhal_bsp.a(alt_iic_isr_register.o)
                0x0000000000066b7c                alt_iic_isr_register
 .text          0x0000000000066be4        0x0 ../ECE385_bsp/\libhal_bsp.a(alt_irq_entry.o)
 .text          0x0000000000066be4        0x0 ../ECE385_bsp/\libhal_bsp.a(alt_irq_handler.o)
 .text          0x0000000000066be4        0x0 ../ECE385_bsp/\libhal_bsp.a(alt_irq_vars.o)
 .text          0x0000000000066be4       0xf8 ../ECE385_bsp/\libhal_bsp.a(alt_kill.o)
                0x0000000000066be4                kill
 .text          0x0000000000066cdc      0x114 ../ECE385_bsp/\libhal_bsp.a(alt_load.o)
                0x0000000000066cdc                alt_load
 .text          0x0000000000066df0       0x50 ../ECE385_bsp/\libhal_bsp.a(alt_main.o)
                0x0000000000066df0                alt_main
 .text          0x0000000000066e40       0x4c ../ECE385_bsp/\libhal_bsp.a(alt_sbrk.o)
                0x0000000000066e40                sbrk
 .text          0x0000000000066e8c       0x60 ../ECE385_bsp/\libhal_bsp.a(alt_times.o)
                0x0000000000066e8c                times
 .text          0x0000000000066eec      0x110 ../ECE385_bsp/\libhal_bsp.a(alt_write.o)
                0x0000000000066eec                write
 .text          0x0000000000066ffc       0xb8 ../ECE385_bsp/\libhal_bsp.a(alt_sys_init.o)
                0x0000000000066ffc                alt_irq_init
                0x000000000006701c                alt_sys_init
 .text          0x00000000000670b4       0x20 ../ECE385_bsp/\libhal_bsp.a(altera_avalon_jtag_uart_fd.o)
                0x00000000000670b4                altera_avalon_jtag_uart_read_fd
                0x00000000000670c4                altera_avalon_jtag_uart_write_fd
 .text          0x00000000000670d4       0x74 ../ECE385_bsp/\libhal_bsp.a(altera_avalon_jtag_uart_read.o)
                0x00000000000670d4                altera_avalon_jtag_uart_read
 .text          0x0000000000067148       0x34 ../ECE385_bsp/\libhal_bsp.a(altera_avalon_jtag_uart_write.o)
                0x0000000000067148                altera_avalon_jtag_uart_write
 .text          0x000000000006717c      0x79c ../ECE385_bsp/\libhal_bsp.a(altera_avalon_sgdma.o)
                0x00000000000671d8                alt_avalon_sgdma_do_async_transfer
                0x0000000000067260                alt_avalon_sgdma_do_sync_transfer
                0x00000000000672e4                alt_avalon_sgdma_construct_mem_to_mem_desc_burst
                0x000000000006740c                alt_avalon_sgdma_construct_mem_to_mem_desc
                0x0000000000067444                alt_avalon_sgdma_construct_stream_to_mem_desc_burst
                0x0000000000067518                alt_avalon_sgdma_construct_stream_to_mem_desc
                0x0000000000067540                alt_avalon_sgdma_register_callback
                0x0000000000067550                alt_avalon_sgdma_start
                0x0000000000067568                alt_avalon_sgdma_stop
                0x0000000000067584                alt_avalon_sgdma_check_descriptor_status
                0x00000000000675b0                alt_avalon_sgdma_open
                0x0000000000067600                alt_avalon_sgdma_enable_desc_poll
                0x0000000000067630                alt_avalon_sgdma_disable_desc_poll
                0x0000000000067650                alt_avalon_sgdma_construct_descriptor_burst
                0x00000000000677b0                alt_avalon_sgdma_construct_mem_to_stream_desc_burst
                0x0000000000067800                alt_avalon_sgdma_construct_mem_to_stream_desc
                0x000000000006784c                alt_avalon_sgdma_construct_descriptor
                0x0000000000067894                alt_avalon_sgdma_init
 .text          0x0000000000067918       0x84 ../ECE385_bsp/\libhal_bsp.a(altera_avalon_timer_sc.o)
                0x0000000000067954                alt_avalon_timer_sc_init
 .text          0x000000000006799c       0xc0 ../ECE385_bsp/\libhal_bsp.a(alt_close.o)
                0x000000000006799c                close
 .text          0x0000000000067a5c        0x4 ../ECE385_bsp/\libhal_bsp.a(alt_dcache_flush.o)
                0x0000000000067a5c                alt_dcache_flush
 .text          0x0000000000067a60        0x4 ../ECE385_bsp/\libhal_bsp.a(alt_dcache_flush_all.o)
                0x0000000000067a60                alt_dcache_flush_all
 .text          0x0000000000067a64        0x8 ../ECE385_bsp/\libhal_bsp.a(alt_dev.o)
 .text          0x0000000000067a6c       0x6c ../ECE385_bsp/\libhal_bsp.a(alt_dev_llist_insert.o)
                0x0000000000067a6c                alt_dev_llist_insert
 .text          0x0000000000067ad8        0x0 ../ECE385_bsp/\libhal_bsp.a(alt_errno.o)
 .text          0x0000000000067ad8        0x0 ../ECE385_bsp/\libhal_bsp.a(alt_exception_entry.o)
 .text          0x0000000000067ad8       0x78 ../ECE385_bsp/\libhal_bsp.a(alt_find_dev.o)
                0x0000000000067ad8                alt_find_dev
 .text          0x0000000000067b50        0x4 ../ECE385_bsp/\libhal_bsp.a(alt_icache_flush_all.o)
                0x0000000000067b50                alt_icache_flush_all
 .text          0x0000000000067b54       0x74 ../ECE385_bsp/\libhal_bsp.a(alt_instruction_exception_entry.o)
                0x0000000000067b54                alt_exception_cause_generated_bad_addr
 .text          0x0000000000067bc8      0x100 ../ECE385_bsp/\libhal_bsp.a(alt_io_redirect.o)
                0x0000000000067c54                alt_io_redirect
 .text          0x0000000000067cc8      0x188 ../ECE385_bsp/\libhal_bsp.a(alt_open.o)
                0x0000000000067cc8                open
 .text          0x0000000000067e50       0x5c ../ECE385_bsp/\libhal_bsp.a(alt_release_fd.o)
                0x0000000000067e50                alt_release_fd
 .text          0x0000000000067eac      0x128 ../ECE385_bsp/\libhal_bsp.a(alt_tick.o)
                0x0000000000067eac                alt_alarm_stop
                0x0000000000067ee0                alt_tick
 .text          0x0000000000067fd4        0x8 ../ECE385_bsp/\libhal_bsp.a(altera_nios2_gen2_irq.o)
                0x0000000000067fd4                altera_nios2_gen2_irq_init
 .text          0x0000000000067fdc       0xac ../ECE385_bsp/\libhal_bsp.a(alt_find_file.o)
                0x0000000000067fdc                alt_find_file
 .text          0x0000000000068088       0x88 ../ECE385_bsp/\libhal_bsp.a(alt_get_fd.o)
                0x0000000000068088                alt_get_fd
 .text          0x0000000000068110        0x0 d:/environment/ide/quartus_18.1.0.625/nios2eds/bin/gnu/h-x86_64-mingw32/bin/../lib/gcc/nios2-elf/5.3.0/../../../../../H-x86_64-mingw32/nios2-elf/lib/mno-hw-mul\libsmallc.a(lib_a-exit.o)
 .text.exit     0x0000000000068110       0x20 d:/environment/ide/quartus_18.1.0.625/nios2eds/bin/gnu/h-x86_64-mingw32/bin/../lib/gcc/nios2-elf/5.3.0/../../../../../H-x86_64-mingw32/nios2-elf/lib/mno-hw-mul\libsmallc.a(lib_a-exit.o)
                0x0000000000068110                exit
 .text          0x0000000000068130        0x0 d:/environment/ide/quartus_18.1.0.625/nios2eds/bin/gnu/h-x86_64-mingw32/bin/../lib/gcc/nios2-elf/5.3.0/../../../../../H-x86_64-mingw32/nios2-elf/lib/mno-hw-mul\libsmallc.a(lib_a-__call_atexit.o)
 .text.__call_exitprocs
                0x0000000000068130      0x190 d:/environment/ide/quartus_18.1.0.625/nios2eds/bin/gnu/h-x86_64-mingw32/bin/../lib/gcc/nios2-elf/5.3.0/../../../../../H-x86_64-mingw32/nios2-elf/lib/mno-hw-mul\libsmallc.a(lib_a-__call_atexit.o)
                0x0000000000068130                __call_exitprocs
 *(.gnu.warning.*)
 *(.fini)
                [!provide]                        PROVIDE (__etext, ABSOLUTE (.))
                [!provide]                        PROVIDE (_etext, ABSOLUTE (.))
                [!provide]                        PROVIDE (etext, ABSOLUTE (.))
 *(.eh_frame_hdr)
                0x00000000000682c0                . = ALIGN (0x4)
                [!provide]                        PROVIDE (__preinit_array_start, ABSOLUTE (.))
 *(.preinit_array)
                [!provide]                        PROVIDE (__preinit_array_end, ABSOLUTE (.))
                [!provide]                        PROVIDE (__init_array_start, ABSOLUTE (.))
 *(.init_array)
                [!provide]                        PROVIDE (__init_array_end, ABSOLUTE (.))
                [!provide]                        PROVIDE (__fini_array_start, ABSOLUTE (.))
 *(.fini_array)
                [!provide]                        PROVIDE (__fini_array_end, ABSOLUTE (.))
 *(.eh_frame)
 *(.gcc_except_table .gcc_except_table.*)
 *(.dynamic)
                [!provide]                        PROVIDE (__CTOR_LIST__, ABSOLUTE (.))
 *(.ctors)
 *(SORT(.ctors.*))
                [!provide]                        PROVIDE (__CTOR_END__, ABSOLUTE (.))
                [!provide]                        PROVIDE (__DTOR_LIST__, ABSOLUTE (.))
 *(.dtors)
 *(SORT(.dtors.*))
                [!provide]                        PROVIDE (__DTOR_END__, ABSOLUTE (.))
 *(.jcr)
                0x00000000000682c0                . = ALIGN (0x4)

.rodata         0x00000000000682c0     0x3920
                0x00000000000682c0                PROVIDE (__ram_rodata_start, ABSOLUTE (.))
                0x00000000000682c0                . = ALIGN (0x4)
 *(.rodata .rodata.* .gnu.linkonce.r.*)
 .rodata.str1.4
                0x00000000000682c0       0x25 obj/default/ethernet.o
 *fill*         0x00000000000682e5        0x3 
 .rodata.str1.4
                0x00000000000682e8       0x90 obj/default/gamelogic.o
                                         0x94 (size before relaxing)
 .rodata.str1.4
                0x0000000000068378      0x1eb obj/default/lwip/apps/http/http_client.o
                                        0x1ef (size before relaxing)
 *fill*         0x0000000000068563        0x1 
 .rodata.str1.4
                0x0000000000068564       0x82 obj/default/lwip/core/dns.o
                                         0xaa (size before relaxing)
 *fill*         0x00000000000685e6        0x2 
 .rodata        0x00000000000685e8       0x28 obj/default/lwip/core/dns.o
                0x00000000000685e8                dns_mquery_v6group
                0x00000000000685fc                dns_mquery_v4group
 .rodata.str1.4
                0x0000000000068610       0x22 obj/default/lwip/core/inet_chksum.o
                                         0x4c (size before relaxing)
 *fill*         0x0000000000068632        0x2 
 .rodata        0x0000000000068634       0x14 obj/default/lwip/core/ip.o
                0x0000000000068634                ip_addr_any_type
 .rodata.str1.4
                0x0000000000068648      0x381 obj/default/lwip/core/ipv4/dhcp.o
                                        0x3a9 (size before relaxing)
 *fill*         0x00000000000689c9        0x3 
 .rodata.str1.4
                0x00000000000689cc      0x1b2 obj/default/lwip/core/ipv4/etharp.o
                                        0x1ea (size before relaxing)
 *fill*         0x0000000000068b7e        0x2 
 .rodata.str1.4
                0x0000000000068b80       0xae obj/default/lwip/core/ipv4/icmp.o
                                         0xd6 (size before relaxing)
 *fill*         0x0000000000068c2e        0x2 
 .rodata.str1.4
                0x0000000000068c30      0x30d obj/default/lwip/core/ipv4/igmp.o
                                        0x335 (size before relaxing)
 *fill*         0x0000000000068f3d        0x3 
 .rodata.str1.4
                0x0000000000068f40       0x51 obj/default/lwip/core/ipv4/ip4.o
                                         0x79 (size before relaxing)
 *fill*         0x0000000000068f91        0x3 
 .rodata.str1.4
                0x0000000000068f94       0x26 obj/default/lwip/core/ipv4/ip4_addr.o
                                         0x50 (size before relaxing)
 *fill*         0x0000000000068fba        0x2 
 .rodata        0x0000000000068fbc       0x28 obj/default/lwip/core/ipv4/ip4_addr.o
                0x0000000000068fbc                ip_addr_broadcast
                0x0000000000068fd0                ip_addr_any
 .rodata.str1.4
                0x0000000000068fe4      0x197 obj/default/lwip/core/ipv4/ip4_frag.o
                                        0x1cb (size before relaxing)
 *fill*         0x000000000006917b        0x1 
 .rodata.str1.4
                0x000000000006917c       0x95 obj/default/lwip/core/ipv6/icmp6.o
                                         0xbd (size before relaxing)
 *fill*         0x0000000000069211        0x3 
 .rodata.str1.4
                0x0000000000069214       0x46 obj/default/lwip/core/ipv6/ip6.o
                                         0x7a (size before relaxing)
 *fill*         0x000000000006925a        0x2 
 .rodata        0x000000000006925c       0x14 obj/default/lwip/core/ipv6/ip6_addr.o
                0x000000000006925c                ip6_addr_any
 .rodata.str1.4
                0x0000000000069270      0x117 obj/default/lwip/core/ipv6/ip6_frag.o
                                        0x228 (size before relaxing)
 *fill*         0x0000000000069387        0x1 
 .rodata.str1.4
                0x0000000000069388       0x83 obj/default/lwip/core/ipv6/nd6.o
                                         0xc7 (size before relaxing)
 *fill*         0x000000000006940b        0x1 
 .rodata.str1.4
                0x000000000006940c      0x173 obj/default/lwip/core/mem.o
                                        0x19b (size before relaxing)
 *fill*         0x000000000006957f        0x1 
 .rodata.str1.4
                0x0000000000069580       0xa7 obj/default/lwip/core/memp.o
                                         0xcf (size before relaxing)
 *fill*         0x0000000000069627        0x1 
 .rodata        0x0000000000069628       0xf0 obj/default/lwip/core/memp.o
                0x0000000000069628                memp_pools
                0x0000000000069664                memp_PBUF_POOL
                0x0000000000069670                memp_PBUF
                0x000000000006967c                memp_MLD6_GROUP
                0x0000000000069688                memp_IP6_REASSDATA
                0x0000000000069694                memp_ND6_QUEUE
                0x00000000000696a0                memp_SYS_TIMEOUT
                0x00000000000696ac                memp_IGMP_GROUP
                0x00000000000696b8                memp_ARP_QUEUE
                0x00000000000696c4                memp_FRAG_PBUF
                0x00000000000696d0                memp_REASSDATA
                0x00000000000696dc                memp_TCP_SEG
                0x00000000000696e8                memp_TCP_PCB_LISTEN
                0x00000000000696f4                memp_TCP_PCB
                0x0000000000069700                memp_UDP_PCB
                0x000000000006970c                memp_RAW_PCB
 .rodata.str1.4
                0x0000000000069718      0x41b obj/default/lwip/core/netif.o
                                        0x453 (size before relaxing)
 *fill*         0x0000000000069b33        0x1 
 .rodata.str1.4
                0x0000000000069b34      0x3b1 obj/default/lwip/core/pbuf.o
                                        0x3e5 (size before relaxing)
 *fill*         0x0000000000069ee5        0x3 
 .rodata.str1.4
                0x0000000000069ee8       0xa6 obj/default/lwip/core/raw.o
                                         0xce (size before relaxing)
 *fill*         0x0000000000069f8e        0x2 
 .rodata.str1.4
                0x0000000000069f90      0x78e obj/default/lwip/core/tcp.o
                                        0x7c6 (size before relaxing)
 *fill*         0x000000000006a71e        0x2 
 .rodata        0x000000000006a720       0x4c obj/default/lwip/core/tcp.o
                0x000000000006a720                tcp_pcb_lists
 .rodata.str1.4
                0x000000000006a76c      0x3ca obj/default/lwip/core/tcp_in.o
                                        0x3f2 (size before relaxing)
 *fill*         0x000000000006ab36        0x2 
 .rodata.str1.4
                0x000000000006ab38      0x743 obj/default/lwip/core/tcp_out.o
                                        0x76b (size before relaxing)
 *fill*         0x000000000006b27b        0x1 
 .rodata.str1.4
                0x000000000006b27c       0x8e obj/default/lwip/core/timeouts.o
                                         0xb6 (size before relaxing)
 *fill*         0x000000000006b30a        0x2 
 .rodata        0x000000000006b30c       0x50 obj/default/lwip/core/timeouts.o
                0x000000000006b30c                lwip_cyclic_timers
 .rodata.str1.4
                0x000000000006b35c      0x2d0 obj/default/lwip/core/udp.o
                                        0x2f8 (size before relaxing)
 .rodata.str1.4
                0x000000000006b62c       0x49 obj/default/lwip/netif/ethernet.o
                                         0x74 (size before relaxing)
 *fill*         0x000000000006b675        0x3 
 .rodata.str1.4
                0x000000000006b678       0xd6 obj/default/main.o
 *fill*         0x000000000006b74e        0x2 
 .rodata.str1.4
                0x000000000006b750       0x7a obj/default/main_menu.o
 *fill*         0x000000000006b7ca        0x2 
 .rodata.str1.4
                0x000000000006b7cc        0xf obj/default/memcpy_dma.o
 *fill*         0x000000000006b7db        0x1 
 .rodata        0x000000000006b7dc       0x30 obj/default/resources/plane_player.o
                0x000000000006b7dc                plane_player_seq
 .rodata        0x000000000006b80c       0x48 obj/default/resources/resource.o
                0x000000000006b80c                enemies
 .rodata.str1.4
                0x000000000006b854       0xbd obj/default/scoreboard.o
                                         0xcd (size before relaxing)
 .rodata._ctype_
                0x000000000006b911      0x101 d:/environment/ide/quartus_18.1.0.625/nios2eds/bin/gnu/h-x86_64-mingw32/bin/../lib/gcc/nios2-elf/5.3.0/../../../../../H-x86_64-mingw32/nios2-elf/lib/mno-hw-mul\libsmallc.a(lib_a-ctype_.o)
                0x000000000006b911                _ctype_
 .rodata._ctype_b
                0x000000000006ba12      0x180 d:/environment/ide/quartus_18.1.0.625/nios2eds/bin/gnu/h-x86_64-mingw32/bin/../lib/gcc/nios2-elf/5.3.0/../../../../../H-x86_64-mingw32/nios2-elf/lib/mno-hw-mul\libsmallc.a(lib_a-ctype_.o)
 .rodata.str1.4
                0x000000000006bb92       0xbd d:/environment/ide/quartus_18.1.0.625/nios2eds/bin/gnu/h-x86_64-mingw32/bin/../lib/gcc/nios2-elf/5.3.0/../../../../../H-x86_64-mingw32/nios2-elf/lib/mno-hw-mul\libsmallc.a(lib_a-puts.o)
                                          0x2 (size before relaxing)
 *fill*         0x000000000006bb92        0x2 
 .rodata.str1.4
                0x000000000006bb94       0x15 ../ECE385_bsp/\libhal_bsp.a(alt_main.o)
 *fill*         0x000000000006bba9        0x3 
 .rodata.str1.4
                0x000000000006bbac       0x25 ../ECE385_bsp/\libhal_bsp.a(alt_sys_init.o)
                                         0x75 (size before relaxing)
 *fill*         0x000000000006bbd1        0x3 
 .rodata.str1.4
                0x000000000006bbd4        0xc ../ECE385_bsp/\libhal_bsp.a(alt_dev.o)
                                          0xa (size before relaxing)
 *(.rodata1)
                0x000000000006bbe0                . = ALIGN (0x4)
                0x000000000006bbe0                PROVIDE (__ram_rodata_end, ABSOLUTE (.))
                0x00000000000682c0                PROVIDE (__flash_rodata_start, LOADADDR (.rodata))

.rwdata         0x000000000006bbe0      0x4e4 load address 0x000000000006c0c4
                0x000000000006bbe0                PROVIDE (__ram_rwdata_start, ABSOLUTE (.))
                0x000000000006bbe0                . = ALIGN (0x4)
 *(.got.plt)
 *(.got)
 *(.data1)
 *(.data .data.* .gnu.linkonce.d.*)
 .data          0x000000000006bbe0        0x0 ../ECE385_bsp//obj/HAL/src/crt0.o
 .data          0x000000000006bbe0        0x0 obj/default/audio.o
 .data          0x000000000006bbe0        0x0 obj/default/comm.o
 .data          0x000000000006bbe0        0x0 obj/default/ethernet.o
 .data          0x000000000006bbe0        0x0 obj/default/gamelogic.o
 .data          0x000000000006bbe0        0x0 obj/default/httpc.o
 .data          0x000000000006bbe0        0x0 obj/default/lwip/apps/http/http_client.o
 .data          0x000000000006bbe0        0x0 obj/default/lwip/core/altcp.o
 .data          0x000000000006bbe0        0x0 obj/default/lwip/core/altcp_alloc.o
 .data          0x000000000006bbe0        0x0 obj/default/lwip/core/altcp_tcp.o
 .data          0x000000000006bbe0        0x0 obj/default/lwip/core/def.o
 .data          0x000000000006bbe0        0x0 obj/default/lwip/core/dns.o
 .data          0x000000000006bbe0        0x0 obj/default/lwip/core/inet_chksum.o
 .data          0x000000000006bbe0        0x0 obj/default/lwip/core/init.o
 .data          0x000000000006bbe0        0x0 obj/default/lwip/core/ip.o
 .data          0x000000000006bbe0        0x0 obj/default/lwip/core/ipv4/autoip.o
 .data          0x000000000006bbe0        0x0 obj/default/lwip/core/ipv4/dhcp.o
 .data          0x000000000006bbe0        0x0 obj/default/lwip/core/ipv4/etharp.o
 .data          0x000000000006bbe0        0x0 obj/default/lwip/core/ipv4/icmp.o
 .data          0x000000000006bbe0        0x0 obj/default/lwip/core/ipv4/igmp.o
 .data          0x000000000006bbe0        0x0 obj/default/lwip/core/ipv4/ip4.o
 .data          0x000000000006bbe0        0x0 obj/default/lwip/core/ipv4/ip4_addr.o
 .data          0x000000000006bbe0        0x0 obj/default/lwip/core/ipv4/ip4_frag.o
 .data          0x000000000006bbe0        0x0 obj/default/lwip/core/ipv6/dhcp6.o
 .data          0x000000000006bbe0        0x0 obj/default/lwip/core/ipv6/ethip6.o
 .data          0x000000000006bbe0        0x0 obj/default/lwip/core/ipv6/icmp6.o
 .data          0x000000000006bbe0        0x0 obj/default/lwip/core/ipv6/inet6.o
 .data          0x000000000006bbe0        0x0 obj/default/lwip/core/ipv6/ip6.o
 .data          0x000000000006bbe0        0x0 obj/default/lwip/core/ipv6/ip6_addr.o
 .data          0x000000000006bbe0        0x0 obj/default/lwip/core/ipv6/ip6_frag.o
 .data          0x000000000006bbe0        0x0 obj/default/lwip/core/ipv6/mld6.o
 .data          0x000000000006bbe0        0x0 obj/default/lwip/core/ipv6/nd6.o
 .data          0x000000000006bbe0        0x0 obj/default/lwip/core/mem.o
 .data          0x000000000006bbe0        0x0 obj/default/lwip/core/memp.o
 .data          0x000000000006bbe0        0x0 obj/default/lwip/core/netif.o
 .data          0x000000000006bbe0        0x0 obj/default/lwip/core/pbuf.o
 .data          0x000000000006bbe0        0x0 obj/default/lwip/core/raw.o
 .data          0x000000000006bbe0        0x0 obj/default/lwip/core/stats.o
 .data          0x000000000006bbe0        0x0 obj/default/lwip/core/sys.o
 .data          0x000000000006bbe0        0x0 obj/default/lwip/core/tcp.o
 .data          0x000000000006bbe0        0x0 obj/default/lwip/core/tcp_in.o
 .data          0x000000000006bbe0        0x0 obj/default/lwip/core/tcp_out.o
 .data          0x000000000006bbe0        0x0 obj/default/lwip/core/timeouts.o
 .data          0x000000000006bbe0        0x0 obj/default/lwip/core/udp.o
 .data          0x000000000006bbe0        0x0 obj/default/lwip/netif/ethernet.o
 .data          0x000000000006bbe0        0x0 obj/default/lwip_port/compat.o
 .data          0x000000000006bbe0        0x0 obj/default/main.o
 .data          0x000000000006bbe0        0x0 obj/default/main_menu.o
 .data          0x000000000006bbe0        0x0 obj/default/memcpy_dma.o
 .data          0x000000000006bbe0        0x0 obj/default/resources/chinese.o
 .data          0x000000000006bbe0        0x0 obj/default/resources/main_menu_bg.o
 .data          0x000000000006bbe0        0x0 obj/default/resources/music.o
 .data          0x000000000006bbe0        0x0 obj/default/resources/plane_player.o
 .data          0x000000000006bbe0       0x58 obj/default/resources/resource.o
                0x000000000006bbe0                explosion_sequence
 .data          0x000000000006bc38        0x0 obj/default/resources/scoreboard_bg.o
 .data          0x000000000006bc38        0x0 obj/default/resources/sound_explosion.o
 .data          0x000000000006bc38        0x0 obj/default/resources/sound_hit.o
 .data          0x000000000006bc38        0x0 obj/default/resources/vga_fonts.o
 .data          0x000000000006bc38        0x0 obj/default/rng.o
 .data          0x000000000006bc38        0x0 obj/default/scoreboard.o
 .data          0x000000000006bc38       0x40 obj/default/sprites.o
                0x000000000006bc38                vga_bullets
                0x000000000006bc48                vga_planes
                0x000000000006bc58                vga_planes_sprite_data
 .data          0x000000000006bc78        0x0 obj/default/vga.o
 .data          0x000000000006bc78        0x0 d:/environment/ide/quartus_18.1.0.625/nios2eds/bin/gnu/h-x86_64-mingw32/bin/../lib/gcc/nios2-elf/5.3.0/mno-hw-mul\libgcc.a(lib2-divmod.o)
 .data          0x000000000006bc78        0x0 d:/environment/ide/quartus_18.1.0.625/nios2eds/bin/gnu/h-x86_64-mingw32/bin/../lib/gcc/nios2-elf/5.3.0/mno-hw-mul\libgcc.a(lib2-mul.o)
 .data          0x000000000006bc78        0x0 d:/environment/ide/quartus_18.1.0.625/nios2eds/bin/gnu/h-x86_64-mingw32/bin/../lib/gcc/nios2-elf/5.3.0/../../../../../H-x86_64-mingw32/nios2-elf/lib/mno-hw-mul\libsmallc.a(lib_a-abort.o)
 .data          0x000000000006bc78        0x0 d:/environment/ide/quartus_18.1.0.625/nios2eds/bin/gnu/h-x86_64-mingw32/bin/../lib/gcc/nios2-elf/5.3.0/../../../../../H-x86_64-mingw32/nios2-elf/lib/mno-hw-mul\libsmallc.a(lib_a-atoi.o)
 .data          0x000000000006bc78        0x0 d:/environment/ide/quartus_18.1.0.625/nios2eds/bin/gnu/h-x86_64-mingw32/bin/../lib/gcc/nios2-elf/5.3.0/../../../../../H-x86_64-mingw32/nios2-elf/lib/mno-hw-mul\libsmallc.a(lib_a-clock.o)
 .data          0x000000000006bc78        0x0 d:/environment/ide/quartus_18.1.0.625/nios2eds/bin/gnu/h-x86_64-mingw32/bin/../lib/gcc/nios2-elf/5.3.0/../../../../../H-x86_64-mingw32/nios2-elf/lib/mno-hw-mul\libsmallc.a(lib_a-ctype_.o)
 .data          0x000000000006bc78        0x0 d:/environment/ide/quartus_18.1.0.625/nios2eds/bin/gnu/h-x86_64-mingw32/bin/../lib/gcc/nios2-elf/5.3.0/../../../../../H-x86_64-mingw32/nios2-elf/lib/mno-hw-mul\libsmallc.a(lib_a-impure.o)
 .data.impure_data
                0x000000000006bc78       0xe0 d:/environment/ide/quartus_18.1.0.625/nios2eds/bin/gnu/h-x86_64-mingw32/bin/../lib/gcc/nios2-elf/5.3.0/../../../../../H-x86_64-mingw32/nios2-elf/lib/mno-hw-mul\libsmallc.a(lib_a-impure.o)
 .data          0x000000000006bd58        0x0 d:/environment/ide/quartus_18.1.0.625/nios2eds/bin/gnu/h-x86_64-mingw32/bin/../lib/gcc/nios2-elf/5.3.0/../../../../../H-x86_64-mingw32/nios2-elf/lib/mno-hw-mul\libsmallc.a(lib_a-memcmp.o)
 .data          0x000000000006bd58        0x0 d:/environment/ide/quartus_18.1.0.625/nios2eds/bin/gnu/h-x86_64-mingw32/bin/../lib/gcc/nios2-elf/5.3.0/../../../../../H-x86_64-mingw32/nios2-elf/lib/mno-hw-mul\libsmallc.a(lib_a-memcpy.o)
 .data          0x000000000006bd58        0x0 d:/environment/ide/quartus_18.1.0.625/nios2eds/bin/gnu/h-x86_64-mingw32/bin/../lib/gcc/nios2-elf/5.3.0/../../../../../H-x86_64-mingw32/nios2-elf/lib/mno-hw-mul\libsmallc.a(lib_a-memmove.o)
 .data          0x000000000006bd58        0x0 d:/environment/ide/quartus_18.1.0.625/nios2eds/bin/gnu/h-x86_64-mingw32/bin/../lib/gcc/nios2-elf/5.3.0/../../../../../H-x86_64-mingw32/nios2-elf/lib/mno-hw-mul\libsmallc.a(lib_a-memset.o)
 .data          0x000000000006bd58        0x0 d:/environment/ide/quartus_18.1.0.625/nios2eds/bin/gnu/h-x86_64-mingw32/bin/../lib/gcc/nios2-elf/5.3.0/../../../../../H-x86_64-mingw32/nios2-elf/lib/mno-hw-mul\libsmallc.a(lib_a-printf.o)
 .data          0x000000000006bd58        0x0 d:/environment/ide/quartus_18.1.0.625/nios2eds/bin/gnu/h-x86_64-mingw32/bin/../lib/gcc/nios2-elf/5.3.0/../../../../../H-x86_64-mingw32/nios2-elf/lib/mno-hw-mul\libsmallc.a(lib_a-puts.o)
 .data          0x000000000006bd58        0x0 d:/environment/ide/quartus_18.1.0.625/nios2eds/bin/gnu/h-x86_64-mingw32/bin/../lib/gcc/nios2-elf/5.3.0/../../../../../H-x86_64-mingw32/nios2-elf/lib/mno-hw-mul\libsmallc.a(lib_a-signal.o)
 .data          0x000000000006bd58        0x0 d:/environment/ide/quartus_18.1.0.625/nios2eds/bin/gnu/h-x86_64-mingw32/bin/../lib/gcc/nios2-elf/5.3.0/../../../../../H-x86_64-mingw32/nios2-elf/lib/mno-hw-mul\libsmallc.a(lib_a-signalr.o)
 .data          0x000000000006bd58        0x0 d:/environment/ide/quartus_18.1.0.625/nios2eds/bin/gnu/h-x86_64-mingw32/bin/../lib/gcc/nios2-elf/5.3.0/../../../../../H-x86_64-mingw32/nios2-elf/lib/mno-hw-mul\libsmallc.a(lib_a-snprintf.o)
 .data          0x000000000006bd58        0x0 d:/environment/ide/quartus_18.1.0.625/nios2eds/bin/gnu/h-x86_64-mingw32/bin/../lib/gcc/nios2-elf/5.3.0/../../../../../H-x86_64-mingw32/nios2-elf/lib/mno-hw-mul\libsmallc.a(lib_a-strcmp.o)
 .data          0x000000000006bd58        0x0 d:/environment/ide/quartus_18.1.0.625/nios2eds/bin/gnu/h-x86_64-mingw32/bin/../lib/gcc/nios2-elf/5.3.0/../../../../../H-x86_64-mingw32/nios2-elf/lib/mno-hw-mul\libsmallc.a(lib_a-strlen.o)
 .data          0x000000000006bd58        0x0 d:/environment/ide/quartus_18.1.0.625/nios2eds/bin/gnu/h-x86_64-mingw32/bin/../lib/gcc/nios2-elf/5.3.0/../../../../../H-x86_64-mingw32/nios2-elf/lib/mno-hw-mul\libsmallc.a(lib_a-strncmp.o)
 .data          0x000000000006bd58        0x0 d:/environment/ide/quartus_18.1.0.625/nios2eds/bin/gnu/h-x86_64-mingw32/bin/../lib/gcc/nios2-elf/5.3.0/../../../../../H-x86_64-mingw32/nios2-elf/lib/mno-hw-mul\libsmallc.a(lib_a-strtol.o)
 .data          0x000000000006bd58        0x0 d:/environment/ide/quartus_18.1.0.625/nios2eds/bin/gnu/h-x86_64-mingw32/bin/../lib/gcc/nios2-elf/5.3.0/../../../../../H-x86_64-mingw32/nios2-elf/lib/mno-hw-mul\libsmallc.a(lib_a-svfprintf.o)
 .data          0x000000000006bd58        0x0 d:/environment/ide/quartus_18.1.0.625/nios2eds/bin/gnu/h-x86_64-mingw32/bin/../lib/gcc/nios2-elf/5.3.0/../../../../../H-x86_64-mingw32/nios2-elf/lib/mno-hw-mul\libsmallc.a(lib_a-timesr.o)
 .data          0x000000000006bd58        0x0 d:/environment/ide/quartus_18.1.0.625/nios2eds/bin/gnu/h-x86_64-mingw32/bin/../lib/gcc/nios2-elf/5.3.0/../../../../../H-x86_64-mingw32/nios2-elf/lib/mno-hw-mul\libsmallc.a(lib_a-vfprintf.o)
 .data          0x000000000006bd58        0x0 d:/environment/ide/quartus_18.1.0.625/nios2eds/bin/gnu/h-x86_64-mingw32/bin/../lib/gcc/nios2-elf/5.3.0/../../../../../H-x86_64-mingw32/nios2-elf/lib/mno-hw-mul\libsmallc.a(lib_a-fvwrite_small_dev.o)
 .data          0x000000000006bd58        0x0 d:/environment/ide/quartus_18.1.0.625/nios2eds/bin/gnu/h-x86_64-mingw32/bin/../lib/gcc/nios2-elf/5.3.0/../../../../../H-x86_64-mingw32/nios2-elf/lib/mno-hw-mul\libsmallc.a(lib_a-fvwrite_small_str.o)
 .data          0x000000000006bd58        0x0 d:/environment/ide/quartus_18.1.0.625/nios2eds/bin/gnu/h-x86_64-mingw32/bin/../lib/gcc/nios2-elf/5.3.0/../../../../../H-x86_64-mingw32/nios2-elf/lib/mno-hw-mul\libsmallc.a(lib_a-int_errno.o)